C:\Users\i5 3470\Documents\MCUXpressoIDE_11.10.0_3148\Projekt_inzynierski\i2s_dma_tdm_record_playback\drivers/fsl_clock.h:885:20:CLOCK_EnableClock	24	static
../board/board.c:366:6:BOARD_SetFlexspiClock	16	static
../board/board.c:288:6:BOARD_DeinitXip	16	static
../board/board.c:304:6:BOARD_InitXip	32	static
../board/board.c:403:6:BOARD_SetDeepSleepPinConfig	4	static
../board/board.c:432:6:BOARD_RestoreDeepSleepPinConfig	4	static
../board/board.c:447:6:BOARD_EnterDeepSleep	16	static
../board/board.c:454:6:BOARD_EnterDeepPowerDown	16	static
C:\Users\i5 3470\Documents\MCUXpressoIDE_11.10.0_3148\Projekt_inzynierski\i2s_dma_tdm_record_playback\drivers/fsl_flexspi.h:431:20:FLEXSPI_SoftwareReset	16	static
C:\Users\i5 3470\Documents\MCUXpressoIDE_11.10.0_3148\Projekt_inzynierski\i2s_dma_tdm_record_playback\drivers/fsl_power.h:352:20:POWER_DisablePD	16	static
../board/board.c:44:6:BOARD_InitDebugConsole	16	static
../board/board.c:57:17:flexspi_hyper_ram_write_mcr	48	static
../board/board.c:76:17:flexspi_hyper_ram_get_mcr	48	static
../board/board.c:95:17:flexspi_hyper_ram_reset	40	static
../board/board.c:121:10:BOARD_InitPsRam	416	static
../board/board.c:395:6:BOARD_FlexspiClockSafeConfig	8	static
../board/board.c:463:6:BOARD_I2C_Init	32	static
../board/board.c:471:10:BOARD_I2C_Send	48	static
../board/board.c:492:10:BOARD_I2C_Receive	48	static
../board/board.c:535:6:BOARD_PMIC_I2C_Init	8	static
../board/board.c:540:10:BOARD_PMIC_I2C_Send	32	static
../board/board.c:547:10:BOARD_PMIC_I2C_Receive	32	static
../board/board.c:553:6:BOARD_Accel_I2C_Init	8	static
../board/board.c:558:10:BOARD_Accel_I2C_Send	40	static
../board/board.c:565:10:BOARD_Accel_I2C_Receive	32	static
