C:\Users\i5 3470\Documents\MCUXpressoIDE_11.10.0_3148\Projekt_inzynierski\i2s_dma_tdm_record_playback\drivers/fsl_clock.h:1111:20:CLOCK_SetXtalFreq	16	static
C:\Users\i5 3470\Documents\MCUXpressoIDE_11.10.0_3148\Projekt_inzynierski\i2s_dma_tdm_record_playback\drivers/fsl_power.h:352:20:POWER_DisablePD	16	static
../board/clock_config.c:56:28:BOARD_FlexspiClockSafeConfig	4	static
../board/clock_config.c:69:28:BOARD_SetFlexspiClock	16	static
../board/clock_config.c:82:6:BOARD_InitBootClocks	8	static
../board/clock_config.c:156:6:BOARD_BootClockRUN	8	static
