Archive member included to satisfy reference by file (symbol)

C:/NXP/MCUXpressoIDE_11.10.0_3148/ide/plugins/com.nxp.mcuxpresso.tools.win32_11.10.0.202311280810/tools/bin/../lib/gcc/arm-none-eabi/13.2.1/../../../../arm-none-eabi/lib/thumb/v8-m.main+fp/hard\libcr_nohost_nf.a(_cr__main.o)
                              ./MIMXRT685S/mcuxpresso/startup_mimxrt685s.o (__main)
C:/NXP/MCUXpressoIDE_11.10.0_3148/ide/plugins/com.nxp.mcuxpresso.tools.win32_11.10.0.202311280810/tools/bin/../lib/gcc/arm-none-eabi/13.2.1/../../../../arm-none-eabi/lib/thumb/v8-m.main+fp/hard\libcr_c.a(memset.o)
                              ./drivers/fsl_cache.o (memset)
C:/NXP/MCUXpressoIDE_11.10.0_3148/ide/plugins/com.nxp.mcuxpresso.tools.win32_11.10.0.202311280810/tools/bin/../lib/gcc/arm-none-eabi/13.2.1/../../../../arm-none-eabi/lib/thumb/v8-m.main+fp/hard\libcr_c.a(alloc.o)
                              ./drivers/fsl_common.o (malloc)
C:/NXP/MCUXpressoIDE_11.10.0_3148/ide/plugins/com.nxp.mcuxpresso.tools.win32_11.10.0.202311280810/tools/bin/../lib/gcc/arm-none-eabi/13.2.1/../../../../arm-none-eabi/lib/thumb/v8-m.main+fp/hard\libcr_c.a(errno.o)
                              ./utilities/fsl_str.o (errno)
C:/NXP/MCUXpressoIDE_11.10.0_3148/ide/plugins/com.nxp.mcuxpresso.tools.win32_11.10.0.202311280810/tools/bin/../lib/gcc/arm-none-eabi/13.2.1/../../../../arm-none-eabi/lib/thumb/v8-m.main+fp/hard\libcr_c.a(initio.o)
                              C:/NXP/MCUXpressoIDE_11.10.0_3148/ide/plugins/com.nxp.mcuxpresso.tools.win32_11.10.0.202311280810/tools/bin/../lib/gcc/arm-none-eabi/13.2.1/../../../../arm-none-eabi/lib/thumb/v8-m.main+fp/hard\libcr_nohost_nf.a(_cr__main.o) (_initio)
C:/NXP/MCUXpressoIDE_11.10.0_3148/ide/plugins/com.nxp.mcuxpresso.tools.win32_11.10.0.202311280810/tools/bin/../lib/gcc/arm-none-eabi/13.2.1/../../../../arm-none-eabi/lib/thumb/v8-m.main+fp/hard\libcr_c.a(scanf.o)
                              ./utilities/fsl_str.o (strtoul)
C:/NXP/MCUXpressoIDE_11.10.0_3148/ide/plugins/com.nxp.mcuxpresso.tools.win32_11.10.0.202311280810/tools/bin/../lib/gcc/arm-none-eabi/13.2.1/../../../../arm-none-eabi/lib/thumb/v8-m.main+fp/hard\libcr_c.a(setvbuf.o)
                              C:/NXP/MCUXpressoIDE_11.10.0_3148/ide/plugins/com.nxp.mcuxpresso.tools.win32_11.10.0.202311280810/tools/bin/../lib/gcc/arm-none-eabi/13.2.1/../../../../arm-none-eabi/lib/thumb/v8-m.main+fp/hard\libcr_c.a(initio.o) (setvbuf)
C:/NXP/MCUXpressoIDE_11.10.0_3148/ide/plugins/com.nxp.mcuxpresso.tools.win32_11.10.0.202311280810/tools/bin/../lib/gcc/arm-none-eabi/13.2.1/../../../../arm-none-eabi/lib/thumb/v8-m.main+fp/hard\libcr_c.a(strlen.o)
                              ./utilities/fsl_debug_console.o (strlen)
C:/NXP/MCUXpressoIDE_11.10.0_3148/ide/plugins/com.nxp.mcuxpresso.tools.win32_11.10.0.202311280810/tools/bin/../lib/gcc/arm-none-eabi/13.2.1/../../../../arm-none-eabi/lib/thumb/v8-m.main+fp/hard\libcr_c.a(ungetc.o)
                              C:/NXP/MCUXpressoIDE_11.10.0_3148/ide/plugins/com.nxp.mcuxpresso.tools.win32_11.10.0.202311280810/tools/bin/../lib/gcc/arm-none-eabi/13.2.1/../../../../arm-none-eabi/lib/thumb/v8-m.main+fp/hard\libcr_c.a(scanf.o) (ungetc)
C:/NXP/MCUXpressoIDE_11.10.0_3148/ide/plugins/com.nxp.mcuxpresso.tools.win32_11.10.0.202311280810/tools/bin/../lib/gcc/arm-none-eabi/13.2.1/../../../../arm-none-eabi/lib/thumb/v8-m.main+fp/hard\libcr_c.a(__fillbuf.o)
                              C:/NXP/MCUXpressoIDE_11.10.0_3148/ide/plugins/com.nxp.mcuxpresso.tools.win32_11.10.0.202311280810/tools/bin/../lib/gcc/arm-none-eabi/13.2.1/../../../../arm-none-eabi/lib/thumb/v8-m.main+fp/hard\libcr_c.a(scanf.o) (__filbuf)
C:/NXP/MCUXpressoIDE_11.10.0_3148/ide/plugins/com.nxp.mcuxpresso.tools.win32_11.10.0.202311280810/tools/bin/../lib/gcc/arm-none-eabi/13.2.1/../../../../arm-none-eabi/lib/thumb/v8-m.main+fp/hard\libcr_c.a(__init_alloc.o)
                              C:/NXP/MCUXpressoIDE_11.10.0_3148/ide/plugins/com.nxp.mcuxpresso.tools.win32_11.10.0.202311280810/tools/bin/../lib/gcc/arm-none-eabi/13.2.1/../../../../arm-none-eabi/lib/thumb/v8-m.main+fp/hard\libcr_c.a(alloc.o) (__heaps)
C:/NXP/MCUXpressoIDE_11.10.0_3148/ide/plugins/com.nxp.mcuxpresso.tools.win32_11.10.0.202311280810/tools/bin/../lib/gcc/arm-none-eabi/13.2.1/../../../../arm-none-eabi/lib/thumb/v8-m.main+fp/hard\libcr_c.a(_cr_sbrk.o)
                              C:/NXP/MCUXpressoIDE_11.10.0_3148/ide/plugins/com.nxp.mcuxpresso.tools.win32_11.10.0.202311280810/tools/bin/../lib/gcc/arm-none-eabi/13.2.1/../../../../arm-none-eabi/lib/thumb/v8-m.main+fp/hard\libcr_c.a(alloc.o) (_sbrk)
C:/NXP/MCUXpressoIDE_11.10.0_3148/ide/plugins/com.nxp.mcuxpresso.tools.win32_11.10.0.202311280810/tools/bin/../lib/gcc/arm-none-eabi/13.2.1/../../../../arm-none-eabi/lib/thumb/v8-m.main+fp/hard\libcr_c.a(_deferredlazyseek.o)
[...]
Memory Configuration

Name             Origin             Length             Attributes
QSPI_FLASH       0x08000000         0x00800000         xr
SRAM             0x00080000         0x00180000         xrw
USB_RAM          0x40140000         0x00004000         xrw
*default*        0x00000000         0xffffffff

Linker script and memory map

LOAD ./utilities/fsl_assert.o
LOAD ./utilities/fsl_debug_console.o
LOAD ./utilities/fsl_memcpy.o
LOAD ./utilities/fsl_str.o
LOAD ./source/i2s_dma_tdm_record_playback.o
LOAD ./source/semihost_hardfault.o
LOAD ./flash_config/flash_config.o
LOAD ./drivers/fsl_cache.o
LOAD ./drivers/fsl_clock.o
LOAD ./drivers/fsl_common.o
LOAD ./drivers/fsl_common_arm.o
LOAD ./drivers/fsl_dma.o
LOAD ./drivers/fsl_flexcomm.o
LOAD ./drivers/fsl_flexspi.o
LOAD ./drivers/fsl_gpio.o
LOAD ./drivers/fsl_i2c.o
LOAD ./drivers/fsl_i2s.o
LOAD ./drivers/fsl_i2s_dma.o
LOAD ./drivers/fsl_inputmux.o
LOAD ./drivers/fsl_power.o
LOAD ./drivers/fsl_reset.o
LOAD ./drivers/fsl_usart.o
LOAD ./component/uart/fsl_adapter_usart.o
LOAD ./component/lists/fsl_component_generic_list.o
LOAD ./component/i2c/fsl_adapter_flexcomm_i2c.o
LOAD ./codec/port/cs42448/fsl_codec_cs42448_adapter.o
LOAD ./codec/fsl_codec_common.o
LOAD ./codec/fsl_codec_i2c.o
LOAD ./codec/fsl_cs42448.o
LOAD ./board/board.o
LOAD ./board/clock_config.o
LOAD ./board/pin_mux.o
LOAD ./MIMXRT685S/mcuxpresso/startup_mimxrt685s.o
LOAD ./MIMXRT685S/system_MIMXRT685S_cm33.o
START GROUP
LOAD C:/NXP/MCUXpressoIDE_11.10.0_3148/ide/plugins/com.nxp.mcuxpresso.tools.win32_11.10.0.202311280810/tools/bin/../lib/gcc/arm-none-eabi/13.2.1/../../../../arm-none-eabi/lib/thumb/v8-m.main+fp/hard\libcr_nohost_nf.a
LOAD C:/NXP/MCUXpressoIDE_11.10.0_3148/ide/plugins/com.nxp.mcuxpresso.tools.win32_11.10.0.202311280810/tools/bin/../lib/gcc/arm-none-eabi/13.2.1/../../../../arm-none-eabi/lib/thumb/v8-m.main+fp/hard\libcr_c.a
LOAD C:/NXP/MCUXpressoIDE_11.10.0_3148/ide/plugins/com.nxp.mcuxpresso.tools.win32_11.10.0.202311280810/tools/bin/../lib/gcc/arm-none-eabi/13.2.1/thumb/v8-m.main+fp/hard\libcr_eabihelpers.a
LOAD C:/NXP/MCUXpressoIDE_11.10.0_3148/ide/plugins/com.nxp.mcuxpresso.tools.win32_11.10.0.202311280810/tools/bin/../lib/gcc/arm-none-eabi/13.2.1/thumb/v8-m.main+fp/hard\libgcc.a
END GROUP
                0x08000000                        __base_QSPI_FLASH = 0x8000000
                0x08000000                        __base_Flash = 0x8000000
                0x08800000                        __top_QSPI_FLASH = 0x8800000
                0x08800000                        __top_Flash = 0x8800000
                0x00080000                        __base_SRAM = 0x80000
                0x00080000                        __base_RAM = 0x80000
                0x00200000                        __top_SRAM = 0x200000
                0x00200000                        __top_RAM = 0x200000
                0x40140000                        __base_USB_RAM = 0x40140000
                0x40140000                        __base_RAM2 = 0x40140000
                0x40144000                        __top_USB_RAM = 0x40144000
                0x40144000                        __top_RAM2 = 0x40144000

.boot_hdr       0x08000000     0x1000
 FILL mask 0x00
                0x08000000                        __boot_hdr_start__ = ABSOLUTE (.)
                0x00000400                        . = 0x400
 *fill*         0x08000000      0x400 00
                0x08000400                        __flash_conf_hdr_start__ = ABSOLUTE (.)
 *(SORT_BY_ALIGNMENT(.flash_conf))
 .flash_conf    0x08000400      0x200 ./flash_config/flash_config.o
                0x08000400                flexspi_config
                0x08000600                        __flash_conf_hdr_end__ = ABSOLUTE (.)
                0x00001000                        . = 0x1000
 *fill*         0x08000600      0xa00 00
                0x08001000                        __boot_hdr_end__ = ABSOLUTE (.)

.text           0x08001000     0x8298
 FILL mask 0xff
                0x08001000                        __vectors_start__ = ABSOLUTE (.)
 *(SORT_BY_ALIGNMENT(.isr_vector))
 .isr_vector    0x08001000      0x130 ./MIMXRT685S/mcuxpresso/startup_mimxrt685s.o
                0x08001000                g_pfnVectors
                0x08001000                __Vectors
                0x08001130                        . = ALIGN (0x4)
                0x08001130                        __section_table_start = .
                0x08001130                        __data_section_table = .
                0x08001130        0x4 LONG 0x8009298 LOADADDR (.data)
                0x08001134        0x4 LONG 0x80000 ADDR (.data)
                0x08001138        0x4 LONG 0x1228 SIZEOF (.data)
                0x0800113c        0x4 LONG 0x8009298 LOADADDR (.data_RAM2)
                0x08001140        0x4 LONG 0x40140000 ADDR (.data_RAM2)
                0x08001144        0x4 LONG 0x0 SIZEOF (.data_RAM2)
                0x08001148                        __data_section_table_end = .
                0x08001148                        __bss_section_table = .
                0x08001148        0x4 LONG 0x81400 ADDR (.bss)
                0x0800114c        0x4 LONG 0x1c5c SIZEOF (.bss)
                0x08001150        0x4 LONG 0x40140000 ADDR (.bss_RAM2)
                0x08001154        0x4 LONG 0x0 SIZEOF (.bss_RAM2)
                0x08001158                        __bss_section_table_end = .
                0x08001158                        __section_table_end = .
 *(SORT_BY_ALIGNMENT(.after_vectors*))
 .after_vectors.reset
                0x08001158       0x68 ./MIMXRT685S/mcuxpresso/startup_mimxrt685s.o
                0x08001158                ResetISR
 .after_vectors.init_data
                0x080011c0       0x1e ./MIMXRT685S/mcuxpresso/startup_mimxrt685s.o
                0x080011c0                data_init
 .after_vectors.init_bss
                0x080011de       0x12 ./MIMXRT685S/mcuxpresso/startup_mimxrt685s.o
                0x080011de                bss_init
 .after_vectors
                0x080011f0       0x16 ./MIMXRT685S/mcuxpresso/startup_mimxrt685s.o
                0x080011f0                NMI_Handler
                0x080011f4                MemManage_Handler
                0x080011f6                BusFault_Handler
                0x080011f8                UsageFault_Handler
                0x080011fa                SecureFault_Handler
                0x080011fc                SVC_Handler
                0x080011fe                DebugMon_Handler
                0x08001200                PendSV_Handler
                0x08001202                SysTick_Handler
                0x08001204                CASPER_DriverIRQHandler
                0x08001204                PIN_INT3_DriverIRQHandler
                0x08001204                DSPWAKE_DriverIRQHandler
                0x08001204                GPIO_INTB_DriverIRQHandler
                0x08001204                PIN_INT0_DriverIRQHandler
                0x08001204                CTIMER2_DriverIRQHandler
                0x08001204                PIN_INT2_DriverIRQHandler
                0x08001204                PMC_PMIC_DriverIRQHandler
                0x08001204                SECUREVIOLATION_DriverIRQHandler
                0x08001204                IntDefaultHandler
                0x08001204                MRT0_DriverIRQHandler
                0x08001204                UTICK0_DriverIRQHandler
                0x08001204                DMIC0_DriverIRQHandler
                0x08001204                USDHC1_DriverIRQHandler
                0x08001204                PIN_INT4_DriverIRQHandler
                0x08001204                PIN_INT5_DriverIRQHandler
                0x08001204                SGPIO_INTA_DriverIRQHandler
                0x08001204                RNG_DriverIRQHandler
                0x08001204                CTIMER4_DriverIRQHandler
                0x08001204                PIN_INT7_DriverIRQHandler
                0x08001204                HASHCRYPT_DriverIRQHandler
                0x08001204                POWERQUAD_DriverIRQHandler
                0x08001204                CTIMER0_DriverIRQHandler
                0x08001204                CTIMER1_DriverIRQHandler
                0x08001204                Reserved42_DriverIRQHandler
                0x08001204                PIN_INT6_DriverIRQHandler
                0x08001204                SGPIO_INTB_DriverIRQHandler
                0x08001204                PIN_INT1_DriverIRQHandler
                0x08001204                CTIMER3_DriverIRQHandler
                0x08001204                HWVAD0_DriverIRQHandler
                0x08001204                GPIO_INTA_DriverIRQHandler
                0x08001204                PUF_DriverIRQHandler
                0x08001204                RTC_DriverIRQHandler
                0x08001204                USBPHY_DCD_DriverIRQHandler
                0x08001204                Reserved39_DriverIRQHandler
                0x08001204                I3C0_DriverIRQHandler
                0x08001204                MU_A_DriverIRQHandler
                0x08001204                ADC0_DriverIRQHandler
                0x08001204                WDT0_DriverIRQHandler
                0x08001204                ACMP_DriverIRQHandler
                0x08001204                USDHC0_DriverIRQHandler
                0x08001204                Reserved46_DriverIRQHandler
                0x08001204                USB_WAKEUP_DriverIRQHandler
                0x08001204                WDT1_DriverIRQHandler
                0x08001204                SCT0_DriverIRQHandler
                0x08001204                HYPERVISOR_DriverIRQHandler
                0x08001204                OS_EVENT_DriverIRQHandler
                0x08001204                USB_DriverIRQHandler
 *(SORT_BY_ALIGNMENT(.text*))
 *fill*         0x08001206        0x2 ff
 .text.__assertion_failed
                0x08001208       0x2c ./utilities/fsl_assert.o
                0x08001208                __assertion_failed
 .text.DbgConsole_Init
                0x08001234       0x88 ./utilities/fsl_debug_console.o
                0x08001234                DbgConsole_Init
 .text.DbgConsole_Vprintf
                0x080012bc       0x3c ./utilities/fsl_debug_console.o
                0x080012bc                DbgConsole_Vprintf
 .text.DbgConsole_Putchar
                0x080012f8       0x30 ./utilities/fsl_debug_console.o
                0x080012f8                DbgConsole_Putchar
 .text.DbgConsole_PrintfFormattedData
                0x08001328      0x3e0 ./utilities/fsl_debug_console.o
 .text          0x08001708       0xa0 ./utilities/fsl_memcpy.o
                0x08001708                memcpy
 .text.CLOCK_EnableClock
                0x080017a8       0xb4 ./source/i2s_dma_tdm_record_playback.o
 .text.DMA_EnableChannel
                0x0800185c       0x44 ./source/i2s_dma_tdm_record_playback.o
 .text.DMA_SetChannelPriority
                0x080018a0       0x4c ./source/i2s_dma_tdm_record_playback.o
 .text.i2s_rx_Callback
                0x080018ec       0x28 ./source/i2s_dma_tdm_record_playback.o
 .text.i2s_tx_Callback
                0x08001914       0x28 ./source/i2s_dma_tdm_record_playback.o
 .text.main     0x0800193c      0x21c ./source/i2s_dma_tdm_record_playback.o
                0x0800193c                main
 .text.DEMO_InitCodec
                0x08001b58       0x3c ./source/i2s_dma_tdm_record_playback.o
 .text.CLOCK_GetSFroFreq
                0x08001b94       0x14 ./drivers/fsl_clock.o
 .text.CLOCK_GetXtalInClkFreq
                0x08001ba8       0x3c ./drivers/fsl_clock.o
 .text.CLOCK_GetMclkInClkFreq
                0x08001be4       0x18 ./drivers/fsl_clock.o
 .text.CLOCK_GetLpOscFreq
                0x08001bfc       0x14 ./drivers/fsl_clock.o
 .text.CLOCK_GetOsc32KFreq
                0x08001c10       0x28 ./drivers/fsl_clock.o
 .text.CLOCK_GetFFroFreq
                0x08001c38       0x4c ./drivers/fsl_clock.o
                0x08001c38                CLOCK_GetFFroFreq
 .text.CLOCK_GetSysPllFreq
                0x08001c84       0xc4 ./drivers/fsl_clock.o
                0x08001c84                CLOCK_GetSysPllFreq
 .text.CLOCK_GetSysPfdFreq
                0x08001d48      0x23c ./drivers/fsl_clock.o
                0x08001d48                CLOCK_GetSysPfdFreq
 .text.CLOCK_GetMainPllClkFreq
                0x08001f84       0x24 ./drivers/fsl_clock.o
 .text.CLOCK_GetAudioPllFreq
                0x08001fa8       0xc8 ./drivers/fsl_clock.o
                0x08001fa8                CLOCK_GetAudioPllFreq
 .text.CLOCK_GetAudioPfdFreq
                0x08002070      0x23c ./drivers/fsl_clock.o
                0x08002070                CLOCK_GetAudioPfdFreq
 .text.CLOCK_GetAudioPllClkFreq
                0x080022ac       0x24 ./drivers/fsl_clock.o
 .text.CLOCK_GetMainClkFreq
                0x080022d0       0xac ./drivers/fsl_clock.o
                0x080022d0                CLOCK_GetMainClkFreq
 .text.CLOCK_GetFRGClock
                0x0800237c      0x170 ./drivers/fsl_clock.o
                0x0800237c                CLOCK_GetFRGClock
 .text.CLOCK_GetFlexCommClkFreq
                0x080024ec       0xb4 ./drivers/fsl_clock.o
                0x080024ec                CLOCK_GetFlexCommClkFreq
 .text.CLOCK_GetMclkClkFreq
                0x080025a0       0x48 ./drivers/fsl_clock.o
                0x080025a0                CLOCK_GetMclkClkFreq
 .text.CLOCK_SetFRGClock
                0x080025e8       0xcc ./drivers/fsl_clock.o
                0x080025e8                CLOCK_SetFRGClock
 .text.CLOCK_EnableFfroClk
                0x080026b4      0x134 ./drivers/fsl_clock.o
                0x080026b4                CLOCK_EnableFfroClk
 .text.CLOCK_EnableSfroClk
                0x080027e8       0x84 ./drivers/fsl_clock.o
                0x080027e8                CLOCK_EnableSfroClk
 .text.CLOCK_InitSysPll
                0x0800286c      0x18c ./drivers/fsl_clock.o
                0x0800286c                CLOCK_InitSysPll
 .text.CLOCK_InitSysPfd
                0x080029f8       0x94 ./drivers/fsl_clock.o
                0x080029f8                CLOCK_InitSysPfd
 .text.CLOCK_InitAudioPll
                0x08002a8c      0x18c ./drivers/fsl_clock.o
                0x08002a8c                CLOCK_InitAudioPll
 .text.CLOCK_InitAudioPfd
                0x08002c18       0x94 ./drivers/fsl_clock.o
                0x08002c18                CLOCK_InitAudioPfd
 .text.CLOCK_EnableSysOscClk
                0x08002cac       0x5c ./drivers/fsl_clock.o
                0x08002cac                CLOCK_EnableSysOscClk
 .text.SDK_DelayAtLeastUs
                0x08002d08       0x8c ./drivers/fsl_common_arm.o
                0x08002d08                SDK_DelayAtLeastUs
 .text.__NVIC_EnableIRQ
                0x08002d94       0x3c ./drivers/fsl_dma.o
 .text.CLOCK_EnableClock
                0x08002dd0       0xb4 ./drivers/fsl_dma.o
 .text.DMA_EnableChannelInterrupts
                0x08002e84       0x44 ./drivers/fsl_dma.o
 .text.DMA_EnableChannel
                0x08002ec8       0x44 ./drivers/fsl_dma.o
 .text.DMA_DisableChannel
                0x08002f0c       0x44 ./drivers/fsl_dma.o
 .text.DMA_GetInstance
                0x08002f50       0x4c ./drivers/fsl_dma.o
 .text.DMA_Init
                0x08002f9c       0x68 ./drivers/fsl_dma.o
                0x08002f9c                DMA_Init
 .text.DMA_SetupDescriptor
                0x08003004      0x124 ./drivers/fsl_dma.o
                0x08003004                DMA_SetupDescriptor
 .text.DMA_AbortTransfer
                0x08003128       0x90 ./drivers/fsl_dma.o
                0x08003128                DMA_AbortTransfer
 .text.DMA_CreateHandle
                0x080031b8       0x88 ./drivers/fsl_dma.o
                0x080031b8                DMA_CreateHandle
 .text.DMA_SetCallback
                0x08003240       0x30 ./drivers/fsl_dma.o
                0x08003240                DMA_SetCallback
 .text.DMA_SubmitChannelTransferParameter
                0x08003270       0x84 ./drivers/fsl_dma.o
                0x08003270                DMA_SubmitChannelTransferParameter
 .text.DMA_StartTransfer
                0x080032f4       0x80 ./drivers/fsl_dma.o
                0x080032f4                DMA_StartTransfer
 .text.DMA_IRQHandle
                0x08003374      0x1c4 ./drivers/fsl_dma.o
                0x08003374                DMA_IRQHandle
 .text.DMA0_DriverIRQHandler
                0x08003538       0x14 ./drivers/fsl_dma.o
                0x08003538                DMA0_DriverIRQHandler
 .text.DMA1_DriverIRQHandler
                0x0800354c       0x14 ./drivers/fsl_dma.o
                0x0800354c                DMA1_DriverIRQHandler
 .text.CLOCK_EnableClock
                0x08003560       0xb4 ./drivers/fsl_flexcomm.o
 .text.FLEXCOMM_GetInstance
                0x08003614       0x4c ./drivers/fsl_flexcomm.o
                0x08003614                FLEXCOMM_GetInstance
 .text.FLEXCOMM_Init
                0x08003660       0x50 ./drivers/fsl_flexcomm.o
                0x08003660                FLEXCOMM_Init
 .text.FLEXCOMM0_DriverIRQHandler
                0x080036b0       0x5c ./drivers/fsl_flexcomm.o
                0x080036b0                FLEXCOMM0_DriverIRQHandler
 .text.FLEXCOMM1_DriverIRQHandler
                0x0800370c       0x5c ./drivers/fsl_flexcomm.o
                0x0800370c                FLEXCOMM1_DriverIRQHandler
 .text.FLEXCOMM2_DriverIRQHandler
                0x08003768       0x5c ./drivers/fsl_flexcomm.o
                0x08003768                FLEXCOMM2_DriverIRQHandler
 .text.FLEXCOMM3_DriverIRQHandler
                0x080037c4       0x5c ./drivers/fsl_flexcomm.o
                0x080037c4                FLEXCOMM3_DriverIRQHandler
 .text.FLEXCOMM4_DriverIRQHandler
                0x08003820       0x5c ./drivers/fsl_flexcomm.o
                0x08003820                FLEXCOMM4_DriverIRQHandler
 .text.FLEXCOMM5_DriverIRQHandler
                0x0800387c       0x5c ./drivers/fsl_flexcomm.o
                0x0800387c                FLEXCOMM5_DriverIRQHandler
 .text.FLEXCOMM6_DriverIRQHandler
                0x080038d8       0x5c ./drivers/fsl_flexcomm.o
                0x080038d8                FLEXCOMM6_DriverIRQHandler
 .text.FLEXCOMM7_DriverIRQHandler
                0x08003934       0x5c ./drivers/fsl_flexcomm.o
                0x08003934                FLEXCOMM7_DriverIRQHandler
 .text.FLEXCOMM14_DriverIRQHandler
                0x08003990       0x5c ./drivers/fsl_flexcomm.o
                0x08003990                FLEXCOMM14_DriverIRQHandler
 .text.FLEXCOMM15_DriverIRQHandler
                0x080039ec       0x5c ./drivers/fsl_flexcomm.o
                0x080039ec                FLEXCOMM15_DriverIRQHandler
 .text.FLEXSPI_DriverIRQHandler
                0x08003a48       0x24 ./drivers/fsl_flexspi.o
                0x08003a48                FLEXSPI_DriverIRQHandler
 .text.I2C_ClearStatusFlags
                0x08003a6c       0x2c ./drivers/fsl_i2c.o
 .text.I2C_MasterGetDefaultConfig
                0x08003a98       0x38 ./drivers/fsl_i2c.o
                0x08003a98                I2C_MasterGetDefaultConfig
 .text.I2C_MasterSetBaudRate
                0x08003ad0      0x13c ./drivers/fsl_i2c.o
                0x08003ad0                I2C_MasterSetBaudRate
 .text.I2C_MasterSetTimeoutValue
                0x08003c0c       0x84 ./drivers/fsl_i2c.o
                0x08003c0c                I2C_MasterSetTimeoutValue
 .text.I2C_PendingStatusWait
                0x08003c90       0x74 ./drivers/fsl_i2c.o
 .text.I2C_MasterWriteBlocking
                0x08003d04       0xe4 ./drivers/fsl_i2c.o
                0x08003d04                I2C_MasterWriteBlocking
 .text.I2C_MasterReadBlocking
                0x08003de8       0xcc ./drivers/fsl_i2c.o
                0x08003de8                I2C_MasterReadBlocking
 .text.I2C_MasterTransferBlocking
                0x08003eb4      0x178 ./drivers/fsl_i2c.o
                0x08003eb4                I2C_MasterTransferBlocking
 .text.I2S_EmptyTxFifo
                0x0800402c       0x84 ./drivers/fsl_i2s.o
                0x0800402c                I2S_EmptyTxFifo
 .text.I2S_Config
                0x080040b0      0x10c ./drivers/fsl_i2s.o
 .text.DMA_EnableChannelInterrupts
                0x080041bc       0x44 ./drivers/fsl_i2s_dma.o
 .text.DMA_DisableChannelInterrupts
                0x08004200       0x44 ./drivers/fsl_i2s_dma.o
 .text.DMA_EnableChannelPeriphRq
                0x08004244       0x40 ./drivers/fsl_i2s_dma.o
 .text.DMA_SetChannelXferConfig
                0x08004284       0xd0 ./drivers/fsl_i2s_dma.o
 .text.I2S_EnqueueUserBuffer
                0x08004354      0x134 ./drivers/fsl_i2s_dma.o
 .text.I2S_GetInstance
                0x08004488       0x44 ./drivers/fsl_i2s_dma.o
 .text.I2S_TxTransferCreateHandleDMA
                0x080044cc       0xd0 ./drivers/fsl_i2s_dma.o
                0x080044cc                I2S_TxTransferCreateHandleDMA
 .text.I2S_TransferAbortDMA
                0x0800459c       0xe8 ./drivers/fsl_i2s_dma.o
                0x0800459c                I2S_TransferAbortDMA
 .text.I2S_GetTransferBytes
                0x08004684       0x70 ./drivers/fsl_i2s_dma.o
 .text.I2S_StartTransferDMA
                0x080046f4      0x1fc ./drivers/fsl_i2s_dma.o
 .text.I2S_AddTransferDMA
                0x080048f0      0x1e4 ./drivers/fsl_i2s_dma.o
 .text.__NVIC_EnableIRQ
                0x08004ad4       0x3c ./drivers/fsl_power.o
 .text.__NVIC_GetEnableIRQ
                0x08004b10       0x40 ./drivers/fsl_power.o
 .text.__NVIC_DisableIRQ
                0x08004b50       0x48 ./drivers/fsl_power.o
 .text.__NVIC_ClearPendingIRQ
                0x08004b98       0x3c ./drivers/fsl_power.o
 .text.POWER_EnableDeepSleep
                0x08004bd4       0x20 ./drivers/fsl_power.o
 .text.POWER_UpdateOscSettlingTime
                0x08004bf4       0x20 ./drivers/fsl_power.o
                0x08004bf4                POWER_UpdateOscSettlingTime
 .text.POWER_ApplyPD
                0x08004c14       0x3c ./drivers/fsl_power.o
                0x08004c14                POWER_ApplyPD
 .text.POWER_EnterDeepPowerDown
                0x08004c50       0xf0 ./drivers/fsl_power.o
                0x08004c50                POWER_EnterDeepPowerDown
 .text.RESET_SetPeripheralReset
                0x08004d40       0xf8 ./drivers/fsl_reset.o
                0x08004d40                RESET_SetPeripheralReset
 .text.RESET_ClearPeripheralReset
                0x08004e38      0x104 ./drivers/fsl_reset.o
                0x08004e38                RESET_ClearPeripheralReset
 .text.USART_Init
                0x08004f3c      0x1cc ./drivers/fsl_usart.o
                0x08004f3c                USART_Init
 .text.USART_GetDefaultConfig
                0x08005108       0x80 ./drivers/fsl_usart.o
                0x08005108                USART_GetDefaultConfig
 .text.USART_SetBaudRate
                0x08005188      0x18c ./drivers/fsl_usart.o
                0x08005188                USART_SetBaudRate
 .text.USART_WriteBlocking
                0x08005314       0x8c ./drivers/fsl_usart.o
                0x08005314                USART_WriteBlocking
 .text.USART_ReadBlocking
                0x080053a0      0x104 ./drivers/fsl_usart.o
                0x080053a0                USART_ReadBlocking
 .text.HAL_UartInitCommon
                0x080054a4      0x110 ./component/uart/fsl_adapter_usart.o
 .text.HAL_UartReceiveBlocking
                0x080055b4       0x6c ./component/uart/fsl_adapter_usart.o
                0x080055b4                HAL_UartReceiveBlocking
 .text.HAL_UartSendBlocking
                0x08005620       0x64 ./component/uart/fsl_adapter_usart.o
                0x08005620                HAL_UartSendBlocking
 .text.HAL_I2cGetStatus
                0x08005684       0xa8 ./component/i2c/fsl_adapter_flexcomm_i2c.o
 .text.HAL_I2cMasterInit
                0x0800572c       0x78 ./component/i2c/fsl_adapter_flexcomm_i2c.o
                0x0800572c                HAL_I2cMasterInit
 .text.HAL_I2cMasterTransferBlocking
                0x080057a4       0x94 ./component/i2c/fsl_adapter_flexcomm_i2c.o
                0x080057a4                HAL_I2cMasterTransferBlocking
 .text.HAL_CODEC_CS42448_Init
                0x08005838       0x5c ./codec/port/cs42448/fsl_codec_cs42448_adapter.o
                0x08005838                HAL_CODEC_CS42448_Init
 .text.CODEC_Init
                0x08005894       0x38 ./codec/fsl_codec_common.o
                0x08005894                CODEC_Init
 .text.CS42448_DelayMs
                0x080058cc       0x38 ./codec/fsl_cs42448.o
 .text.CS42448_Init
                0x08005904      0x178 ./codec/fsl_cs42448.o
                0x08005904                CS42448_Init
 .text.CS42448_SetProtocol
                0x08005a7c       0xdc ./codec/fsl_cs42448.o
                0x08005a7c                CS42448_SetProtocol
 .text.CS42448_ConfigDataFormat
                0x08005b58      0x234 ./codec/fsl_cs42448.o
                0x08005b58                CS42448_ConfigDataFormat
 .text.CS42448_WriteReg
                0x08005d8c       0x48 ./codec/fsl_cs42448.o
                0x08005d8c                CS42448_WriteReg
 .text.CS42448_ReadReg
                0x08005dd4       0x44 ./codec/fsl_cs42448.o
                0x08005dd4                CS42448_ReadReg
 .text.BOARD_InitDebugConsole
                0x08005e18       0x40 ./board/board.o
                0x08005e18                BOARD_InitDebugConsole
 .text.CLOCK_SetXtalFreq
                0x08005e58       0x20 ./board/clock_config.o
 .text.POWER_DisablePD
                0x08005e78       0x30 ./board/clock_config.o
 .text.BOARD_BootClockRUN
                0x08005ea8       0xcc ./board/clock_config.o
                0x08005ea8                BOARD_BootClockRUN
 .text.getOscClk
                0x08005f74       0x2c ./MIMXRT685S/system_MIMXRT685S_cm33.o
 .text.getFFroFreq
                0x08005fa0       0x4c ./MIMXRT685S/system_MIMXRT685S_cm33.o
 .text.SystemInit
                0x08005fec       0xd0 ./MIMXRT685S/system_MIMXRT685S_cm33.o
                0x08005fec                SystemInit
 .text.SystemCoreClockUpdate
                0x080060bc      0x204 ./MIMXRT685S/system_MIMXRT685S_cm33.o
                0x080060bc                SystemCoreClockUpdate
 .text._initio  0x080062c0       0x78 C:/NXP/MCUXpressoIDE_11.10.0_3148/ide/plugins/com.nxp.mcuxpresso.tools.win32_11.10.0.202311280810/tools/bin/../lib/gcc/arm-none-eabi/13.2.1/../../../../arm-none-eabi/lib/thumb/v8-m.main+fp/hard\libcr_c.a(initio.o)
                0x080062c0                _initio
 .text._Cwritebuf
                0x08006338       0x6c C:/NXP/MCUXpressoIDE_11.10.0_3148/ide/plugins/com.nxp.mcuxpresso.tools.win32_11.10.0.202311280810/tools/bin/../lib/gcc/arm-none-eabi/13.2.1/../../../../arm-none-eabi/lib/thumb/v8-m.main+fp/hard\libcr_c.a(_writebuf.o)
                0x08006338                _Cwritebuf
 .text.fflush   0x080063a4       0x3c C:/NXP/MCUXpressoIDE_11.10.0_3148/ide/plugins/com.nxp.mcuxpresso.tools.win32_11.10.0.202311280810/tools/bin/../lib/gcc/arm-none-eabi/13.2.1/../../../../arm-none-eabi/lib/thumb/v8-m.main+fp/hard\libcr_c.a(fflush.o)
                0x080063a4                fflush
 .text.fseek    0x080063e0       0xf8 C:/NXP/MCUXpressoIDE_11.10.0_3148/ide/plugins/com.nxp.mcuxpresso.tools.win32_11.10.0.202311280810/tools/bin/../lib/gcc/arm-none-eabi/13.2.1/../../../../arm-none-eabi/lib/thumb/v8-m.main+fp/hard\libcr_c.a(fseek.o)
                0x080063e0                fseek
 .text.ftell    0x080064d8       0x44 C:/NXP/MCUXpressoIDE_11.10.0_3148/ide/plugins/com.nxp.mcuxpresso.tools.win32_11.10.0.202311280810/tools/bin/../lib/gcc/arm-none-eabi/13.2.1/../../../../arm-none-eabi/lib/thumb/v8-m.main+fp/hard\libcr_c.a(ftell.o)
                0x080064d8                ftell
 .text.fsl_assert_hook
                0x0800651c       0x1a ./utilities/fsl_assert.o
                0x0800651c                fsl_assert_hook
 .text.DbgConsole_Printf
                0x08006536       0x2c ./utilities/fsl_debug_console.o
                0x08006536                DbgConsole_Printf
 .text.DbgConsole_PrintfPaddingCharacter
                0x08006562       0x40 ./utilities/fsl_debug_console.o
 .text.DbgConsole_ConvertRadixNumToString
                0x080065a2       0xc2 ./utilities/fsl_debug_console.o
 .text.HardFault_Handler
                0x08006664       0x36 ./source/semihost_hardfault.o
                0x08006664                HardFault_Handler
 .text.CLOCK_AttachClk
                0x0800669a       0x8a ./drivers/fsl_clock.o
                0x0800669a                CLOCK_AttachClk
 .text.CLOCK_SetClkDiv
                0x08006724       0x70 ./drivers/fsl_clock.o
                0x08006724                CLOCK_SetClkDiv
 .text.DelayLoop
                0x08006794       0x20 ./drivers/fsl_common_arm.o
 .text.EnableIRQ
                0x080067b4       0x32 ./drivers/fsl_dma.o
 .text.DMA_GetVirtualStartChannel
                0x080067e6       0x40 ./drivers/fsl_dma.o
 .text.FLEXCOMM_PeripheralIsPresent
                0x08006826       0x64 ./drivers/fsl_flexcomm.o
 .text.FLEXCOMM_SetPeriph
                0x0800688a       0x74 ./drivers/fsl_flexcomm.o
 .text.I2C_MasterEnable
                0x080068fe       0x44 ./drivers/fsl_i2c.o
 .text.I2C_MasterRepeatedStart
                0x08006942       0x26 ./drivers/fsl_i2c.o
 .text.I2C_SlaveEnable
                0x08006968       0x44 ./drivers/fsl_i2c.o
 .text.I2C_MasterInit
                0x080069ac       0x6e ./drivers/fsl_i2c.o
                0x080069ac                I2C_MasterInit
 .text.I2C_GetStatusFlags
                0x08006a1a       0x88 ./drivers/fsl_i2c.o
                0x08006a1a                I2C_GetStatusFlags
 .text.I2C_MasterStart
                0x08006aa2       0x46 ./drivers/fsl_i2c.o
                0x08006aa2                I2C_MasterStart
 .text.I2C_MasterStop
                0x08006ae8       0x2c ./drivers/fsl_i2c.o
                0x08006ae8                I2C_MasterStop
 .text.I2C_MasterCheckStartResponse
                0x08006b14       0x3e ./drivers/fsl_i2c.o
 .text.I2S_TxInit
                0x08006b52       0x82 ./drivers/fsl_i2s.o
                0x08006b52                I2S_TxInit
 .text.I2S_RxInit
                0x08006bd4       0x72 ./drivers/fsl_i2s.o
                0x08006bd4                I2S_RxInit
 .text.I2S_TxGetDefaultConfig
                0x08006c46       0x6e ./drivers/fsl_i2s.o
                0x08006c46                I2S_TxGetDefaultConfig
 .text.I2S_RxGetDefaultConfig
                0x08006cb4       0x6e ./drivers/fsl_i2s.o
                0x08006cb4                I2S_RxGetDefaultConfig
 .text.I2S_Enable
                0x08006d22       0x24 ./drivers/fsl_i2s_dma.o
 .text.I2S_Disable
                0x08006d46       0x24 ./drivers/fsl_i2s_dma.o
 .text.I2S_DisableDMAInterrupts
                0x08006d6a       0x24 ./drivers/fsl_i2s_dma.o
 .text.I2S_EnableDMAInterrupts
                0x08006d8e       0x2c ./drivers/fsl_i2s_dma.o
 .text.I2S_TxTransferSendDMA
                0x08006dba       0x74 ./drivers/fsl_i2s_dma.o
                0x08006dba                I2S_TxTransferSendDMA
 .text.I2S_RxTransferCreateHandleDMA
                0x08006e2e       0x26 ./drivers/fsl_i2s_dma.o
                0x08006e2e                I2S_RxTransferCreateHandleDMA
 .text.I2S_RxTransferReceiveDMA
                0x08006e54       0x74 ./drivers/fsl_i2s_dma.o
                0x08006e54                I2S_RxTransferReceiveDMA
 .text.I2S_TxEnableDMA
                0x08006ec8       0x50 ./drivers/fsl_i2s_dma.o
 .text.I2S_RxEnableDMA
                0x08006f18       0x50 ./drivers/fsl_i2s_dma.o
 .text.I2S_DMACallback
                0x08006f68      0x15e ./drivers/fsl_i2s_dma.o
                0x08006f68                I2S_DMACallback
 .text.DisableGlobalIRQ
                0x080070c6       0x22 ./drivers/fsl_power.o
 .text.EnableGlobalIRQ
                0x080070e8       0x20 ./drivers/fsl_power.o
 .text.POWER_SetPmicMode
                0x08007108       0x4e ./drivers/fsl_power.o
                0x08007108                POWER_SetPmicMode
 .text.RESET_PeripheralReset
                0x08007156       0x22 ./drivers/fsl_reset.o
                0x08007156                RESET_PeripheralReset
 .text.USART_EnableContinuousSCLK
                0x08007178       0x38 ./drivers/fsl_usart.o
 .text.HAL_UartGetStatus
                0x080071b0       0x22 ./component/uart/fsl_adapter_usart.o
 .text.HAL_UartInit
                0x080071d2       0x36 ./component/uart/fsl_adapter_usart.o
                0x080071d2                HAL_UartInit
 .text.HAL_CODEC_Init
                0x08007208       0x1c ./codec/fsl_codec_common.o
 .text.CODEC_I2C_Init
                0x08007224       0x36 ./codec/fsl_codec_i2c.o
                0x08007224                CODEC_I2C_Init
 .text.CODEC_I2C_Send
                0x0800725a       0x4e ./codec/fsl_codec_i2c.o
                0x0800725a                CODEC_I2C_Send
 .text.CODEC_I2C_Receive
                0x080072a8       0x4e ./codec/fsl_codec_i2c.o
                0x080072a8                CODEC_I2C_Receive
 .text.CS42448_SelectFunctionalMode
                0x080072f6       0x4a ./codec/fsl_cs42448.o
                0x080072f6                CS42448_SelectFunctionalMode
 .text.CS42448_Reset
                0x08007340       0x2c ./codec/fsl_cs42448.o
 .text.CS42448_SetAINVolume
                0x0800736c       0x44 ./codec/fsl_cs42448.o
                0x0800736c                CS42448_SetAINVolume
 .text.CS42448_ModifyReg
                0x080073b0       0x64 ./codec/fsl_cs42448.o
                0x080073b0                CS42448_ModifyReg
 .text.BOARD_FlexspiClockSafeConfig
                0x08007414       0x10 ./board/board.o
                0x08007414                BOARD_FlexspiClockSafeConfig
 .text.BOARD_InitBootClocks
                0x08007424        0xc ./board/clock_config.o
                0x08007424                BOARD_InitBootClocks
 .text.IOPCTL_PinMuxSet
                0x08007430       0x2e ./board/pin_mux.o
 .text.BOARD_InitBootPins
                0x0800745e       0x14 ./board/pin_mux.o
                0x0800745e                BOARD_InitBootPins
 .text.BOARD_InitCS42448Pins
                0x08007472       0xc2 ./board/pin_mux.o
                0x08007472                BOARD_InitCS42448Pins
 .text.BOARD_InitDebugConsolePins
                0x08007534       0x32 ./board/pin_mux.o
                0x08007534                BOARD_InitDebugConsolePins
 .text.BOARD_InitPins
                0x08007566        0xe ./board/pin_mux.o
                0x08007566                BOARD_InitPins
 .text.WDT0_IRQHandler
                0x08007574        0x8 ./MIMXRT685S/mcuxpresso/startup_mimxrt685s.o
                0x08007574                WDT0_IRQHandler
 .text.DMA0_IRQHandler
                0x0800757c        0x8 ./MIMXRT685S/mcuxpresso/startup_mimxrt685s.o
                0x0800757c                DMA0_IRQHandler
 .text.GPIO_INTA_IRQHandler
                0x08007584        0x8 ./MIMXRT685S/mcuxpresso/startup_mimxrt685s.o
                0x08007584                GPIO_INTA_IRQHandler
 .text.GPIO_INTB_IRQHandler
                0x0800758c        0x8 ./MIMXRT685S/mcuxpresso/startup_mimxrt685s.o
                0x0800758c                GPIO_INTB_IRQHandler
 .text.PIN_INT0_IRQHandler
                0x08007594        0x8 ./MIMXRT685S/mcuxpresso/startup_mimxrt685s.o
                0x08007594                PIN_INT0_IRQHandler
 .text.PIN_INT1_IRQHandler
                0x0800759c        0x8 ./MIMXRT685S/mcuxpresso/startup_mimxrt685s.o
                0x0800759c                PIN_INT1_IRQHandler
 .text.PIN_INT2_IRQHandler
                0x080075a4        0x8 ./MIMXRT685S/mcuxpresso/startup_mimxrt685s.o
                0x080075a4                PIN_INT2_IRQHandler
 .text.PIN_INT3_IRQHandler
                0x080075ac        0x8 ./MIMXRT685S/mcuxpresso/startup_mimxrt685s.o
                0x080075ac                PIN_INT3_IRQHandler
 .text.UTICK0_IRQHandler
                0x080075b4        0x8 ./MIMXRT685S/mcuxpresso/startup_mimxrt685s.o
                0x080075b4                UTICK0_IRQHandler
 .text.MRT0_IRQHandler
                0x080075bc        0x8 ./MIMXRT685S/mcuxpresso/startup_mimxrt685s.o
                0x080075bc                MRT0_IRQHandler
 .text.CTIMER0_IRQHandler
                0x080075c4        0x8 ./MIMXRT685S/mcuxpresso/startup_mimxrt685s.o
                0x080075c4                CTIMER0_IRQHandler
 .text.CTIMER1_IRQHandler
                0x080075cc        0x8 ./MIMXRT685S/mcuxpresso/startup_mimxrt685s.o
                0x080075cc                CTIMER1_IRQHandler
 .text.SCT0_IRQHandler
                0x080075d4        0x8 ./MIMXRT685S/mcuxpresso/startup_mimxrt685s.o
                0x080075d4                SCT0_IRQHandler
 .text.CTIMER3_IRQHandler
                0x080075dc        0x8 ./MIMXRT685S/mcuxpresso/startup_mimxrt685s.o
                0x080075dc                CTIMER3_IRQHandler
 .text.FLEXCOMM0_IRQHandler
                0x080075e4        0x8 ./MIMXRT685S/mcuxpresso/startup_mimxrt685s.o
                0x080075e4                FLEXCOMM0_IRQHandler
 .text.FLEXCOMM1_IRQHandler
                0x080075ec        0x8 ./MIMXRT685S/mcuxpresso/startup_mimxrt685s.o
                0x080075ec                FLEXCOMM1_IRQHandler
 .text.FLEXCOMM2_IRQHandler
                0x080075f4        0x8 ./MIMXRT685S/mcuxpresso/startup_mimxrt685s.o
                0x080075f4                FLEXCOMM2_IRQHandler
 .text.FLEXCOMM3_IRQHandler
                0x080075fc        0x8 ./MIMXRT685S/mcuxpresso/startup_mimxrt685s.o
                0x080075fc                FLEXCOMM3_IRQHandler
 .text.FLEXCOMM4_IRQHandler
                0x08007604        0x8 ./MIMXRT685S/mcuxpresso/startup_mimxrt685s.o
                0x08007604                FLEXCOMM4_IRQHandler
 .text.FLEXCOMM5_IRQHandler
                0x0800760c        0x8 ./MIMXRT685S/mcuxpresso/startup_mimxrt685s.o
                0x0800760c                FLEXCOMM5_IRQHandler
 .text.FLEXCOMM14_IRQHandler
                0x08007614        0x8 ./MIMXRT685S/mcuxpresso/startup_mimxrt685s.o
                0x08007614                FLEXCOMM14_IRQHandler
 .text.FLEXCOMM15_IRQHandler
                0x0800761c        0x8 ./MIMXRT685S/mcuxpresso/startup_mimxrt685s.o
                0x0800761c                FLEXCOMM15_IRQHandler
 .text.ADC0_IRQHandler
                0x08007624        0x8 ./MIMXRT685S/mcuxpresso/startup_mimxrt685s.o
                0x08007624                ADC0_IRQHandler
 .text.Reserved39_IRQHandler
                0x0800762c        0x8 ./MIMXRT685S/mcuxpresso/startup_mimxrt685s.o
                0x0800762c                Reserved39_IRQHandler
 .text.ACMP_IRQHandler
                0x08007634        0x8 ./MIMXRT685S/mcuxpresso/startup_mimxrt685s.o
                0x08007634                ACMP_IRQHandler
 .text.DMIC0_IRQHandler
                0x0800763c        0x8 ./MIMXRT685S/mcuxpresso/startup_mimxrt685s.o
                0x0800763c                DMIC0_IRQHandler
 .text.Reserved42_IRQHandler
                0x08007644        0x8 ./MIMXRT685S/mcuxpresso/startup_mimxrt685s.o
                0x08007644                Reserved42_IRQHandler
 .text.HYPERVISOR_IRQHandler
                0x0800764c        0x8 ./MIMXRT685S/mcuxpresso/startup_mimxrt685s.o
                0x0800764c                HYPERVISOR_IRQHandler
 .text.SECUREVIOLATION_IRQHandler
                0x08007654        0x8 ./MIMXRT685S/mcuxpresso/startup_mimxrt685s.o
                0x08007654                SECUREVIOLATION_IRQHandler
 .text.HWVAD0_IRQHandler
                0x0800765c        0x8 ./MIMXRT685S/mcuxpresso/startup_mimxrt685s.o
                0x0800765c                HWVAD0_IRQHandler
 .text.Reserved46_IRQHandler
                0x08007664        0x8 ./MIMXRT685S/mcuxpresso/startup_mimxrt685s.o
                0x08007664                Reserved46_IRQHandler
 .text.RNG_IRQHandler
                0x0800766c        0x8 ./MIMXRT685S/mcuxpresso/startup_mimxrt685s.o
                0x0800766c                RNG_IRQHandler
 .text.RTC_IRQHandler
                0x08007674        0x8 ./MIMXRT685S/mcuxpresso/startup_mimxrt685s.o
                0x08007674                RTC_IRQHandler
 .text.DSPWAKE_IRQHandler
                0x0800767c        0x8 ./MIMXRT685S/mcuxpresso/startup_mimxrt685s.o
                0x0800767c                DSPWAKE_IRQHandler
 .text.MU_A_IRQHandler
                0x08007684        0x8 ./MIMXRT685S/mcuxpresso/startup_mimxrt685s.o
                0x08007684                MU_A_IRQHandler
 .text.PIN_INT4_IRQHandler
                0x0800768c        0x8 ./MIMXRT685S/mcuxpresso/startup_mimxrt685s.o
                0x0800768c                PIN_INT4_IRQHandler
 .text.PIN_INT5_IRQHandler
                0x08007694        0x8 ./MIMXRT685S/mcuxpresso/startup_mimxrt685s.o
                0x08007694                PIN_INT5_IRQHandler
 .text.PIN_INT6_IRQHandler
                0x0800769c        0x8 ./MIMXRT685S/mcuxpresso/startup_mimxrt685s.o
                0x0800769c                PIN_INT6_IRQHandler
 .text.PIN_INT7_IRQHandler
                0x080076a4        0x8 ./MIMXRT685S/mcuxpresso/startup_mimxrt685s.o
                0x080076a4                PIN_INT7_IRQHandler
 .text.CTIMER2_IRQHandler
                0x080076ac        0x8 ./MIMXRT685S/mcuxpresso/startup_mimxrt685s.o
                0x080076ac                CTIMER2_IRQHandler
 .text.CTIMER4_IRQHandler
                0x080076b4        0x8 ./MIMXRT685S/mcuxpresso/startup_mimxrt685s.o
                0x080076b4                CTIMER4_IRQHandler
 .text.OS_EVENT_IRQHandler
                0x080076bc        0x8 ./MIMXRT685S/mcuxpresso/startup_mimxrt685s.o
                0x080076bc                OS_EVENT_IRQHandler
 .text.FLEXSPI_IRQHandler
                0x080076c4        0x8 ./MIMXRT685S/mcuxpresso/startup_mimxrt685s.o
                0x080076c4                FLEXSPI_IRQHandler
 .text.FLEXCOMM6_IRQHandler
                0x080076cc        0x8 ./MIMXRT685S/mcuxpresso/startup_mimxrt685s.o
                0x080076cc                FLEXCOMM6_IRQHandler
 .text.FLEXCOMM7_IRQHandler
                0x080076d4        0x8 ./MIMXRT685S/mcuxpresso/startup_mimxrt685s.o
                0x080076d4                FLEXCOMM7_IRQHandler
 .text.USDHC0_IRQHandler
                0x080076dc        0x8 ./MIMXRT685S/mcuxpresso/startup_mimxrt685s.o
                0x080076dc                USDHC0_IRQHandler
 .text.USDHC1_IRQHandler
                0x080076e4        0x8 ./MIMXRT685S/mcuxpresso/startup_mimxrt685s.o
                0x080076e4                USDHC1_IRQHandler
 .text.SGPIO_INTA_IRQHandler
                0x080076ec        0x8 ./MIMXRT685S/mcuxpresso/startup_mimxrt685s.o
                0x080076ec                SGPIO_INTA_IRQHandler
 .text.SGPIO_INTB_IRQHandler
                0x080076f4        0x8 ./MIMXRT685S/mcuxpresso/startup_mimxrt685s.o
                0x080076f4                SGPIO_INTB_IRQHandler
 .text.I3C0_IRQHandler
                0x080076fc        0x8 ./MIMXRT685S/mcuxpresso/startup_mimxrt685s.o
                0x080076fc                I3C0_IRQHandler
 .text.USB_IRQHandler
                0x08007704        0x8 ./MIMXRT685S/mcuxpresso/startup_mimxrt685s.o
                0x08007704                USB_IRQHandler
 .text.USB_WAKEUP_IRQHandler
                0x0800770c        0x8 ./MIMXRT685S/mcuxpresso/startup_mimxrt685s.o
                0x0800770c                USB_WAKEUP_IRQHandler
 .text.WDT1_IRQHandler
                0x08007714        0x8 ./MIMXRT685S/mcuxpresso/startup_mimxrt685s.o
                0x08007714                WDT1_IRQHandler
 .text.USBPHY_DCD_IRQHandler
                0x0800771c        0x8 ./MIMXRT685S/mcuxpresso/startup_mimxrt685s.o
                0x0800771c                USBPHY_DCD_IRQHandler
 .text.DMA1_IRQHandler
                0x08007724        0x8 ./MIMXRT685S/mcuxpresso/startup_mimxrt685s.o
                0x08007724                DMA1_IRQHandler
 .text.PUF_IRQHandler
                0x0800772c        0x8 ./MIMXRT685S/mcuxpresso/startup_mimxrt685s.o
                0x0800772c                PUF_IRQHandler
 .text.POWERQUAD_IRQHandler
                0x08007734        0x8 ./MIMXRT685S/mcuxpresso/startup_mimxrt685s.o
                0x08007734                POWERQUAD_IRQHandler
 .text.CASPER_IRQHandler
                0x0800773c        0x8 ./MIMXRT685S/mcuxpresso/startup_mimxrt685s.o
                0x0800773c                CASPER_IRQHandler
 .text.PMC_PMIC_IRQHandler
                0x08007744        0x8 ./MIMXRT685S/mcuxpresso/startup_mimxrt685s.o
                0x08007744                PMC_PMIC_IRQHandler
 .text.HASHCRYPT_IRQHandler
                0x0800774c        0x8 ./MIMXRT685S/mcuxpresso/startup_mimxrt685s.o
                0x0800774c                HASHCRYPT_IRQHandler
 .text.SystemInitHook
                0x08007754        0xe ./MIMXRT685S/system_MIMXRT685S_cm33.o
                0x08007754                SystemInitHook
 .text.__main   0x08007762        0xe C:/NXP/MCUXpressoIDE_11.10.0_3148/ide/plugins/com.nxp.mcuxpresso.tools.win32_11.10.0.202311280810/tools/bin/../lib/gcc/arm-none-eabi/13.2.1/../../../../arm-none-eabi/lib/thumb/v8-m.main+fp/hard\libcr_nohost_nf.a(_cr__main.o)
                0x08007762                __main
 .text.memset   0x08007770        0x4 C:/NXP/MCUXpressoIDE_11.10.0_3148/ide/plugins/com.nxp.mcuxpresso.tools.win32_11.10.0.202311280810/tools/bin/../lib/gcc/arm-none-eabi/13.2.1/../../../../arm-none-eabi/lib/thumb/v8-m.main+fp/hard\libcr_c.a(memset.o)
                0x08007770                memset
 .text.free     0x08007774       0x30 C:/NXP/MCUXpressoIDE_11.10.0_3148/ide/plugins/com.nxp.mcuxpresso.tools.win32_11.10.0.202311280810/tools/bin/../lib/gcc/arm-none-eabi/13.2.1/../../../../arm-none-eabi/lib/thumb/v8-m.main+fp/hard\libcr_c.a(alloc.o)
                0x08007774                free
 .text.setvbuf  0x080077a4       0x3e C:/NXP/MCUXpressoIDE_11.10.0_3148/ide/plugins/com.nxp.mcuxpresso.tools.win32_11.10.0.202311280810/tools/bin/../lib/gcc/arm-none-eabi/13.2.1/../../../../arm-none-eabi/lib/thumb/v8-m.main+fp/hard\libcr_c.a(setvbuf.o)
                0x080077a4                setvbuf
 .text.strlen   0x080077e2       0x4e C:/NXP/MCUXpressoIDE_11.10.0_3148/ide/plugins/com.nxp.mcuxpresso.tools.win32_11.10.0.202311280810/tools/bin/../lib/gcc/arm-none-eabi/13.2.1/../../../../arm-none-eabi/lib/thumb/v8-m.main+fp/hard\libcr_c.a(strlen.o)
                0x080077e2                strlen
 .text._deferredlazyseek
                0x08007830       0x40 C:/NXP/MCUXpressoIDE_11.10.0_3148/ide/plugins/com.nxp.mcuxpresso.tools.win32_11.10.0.202311280810/tools/bin/../lib/gcc/arm-none-eabi/13.2.1/../../../../arm-none-eabi/lib/thumb/v8-m.main+fp/hard\libcr_c.a(_deferredlazyseek.o)
                0x08007830                _deferredlazyseek
 .text._fdopen  0x08007870       0x68 C:/NXP/MCUXpressoIDE_11.10.0_3148/ide/plugins/com.nxp.mcuxpresso.tools.win32_11.10.0.202311280810/tools/bin/../lib/gcc/arm-none-eabi/13.2.1/../../../../arm-none-eabi/lib/thumb/v8-m.main+fp/hard\libcr_c.a(_fdopen.o)
                0x08007870                _fdopen
 .text._fflush  0x080078d8       0x52 C:/NXP/MCUXpressoIDE_11.10.0_3148/ide/plugins/com.nxp.mcuxpresso.tools.win32_11.10.0.202311280810/tools/bin/../lib/gcc/arm-none-eabi/13.2.1/../../../../arm-none-eabi/lib/thumb/v8-m.main+fp/hard\libcr_c.a(_fflush.o)
                0x080078d8                _fflush
 .text.fclose   0x0800792a       0x58 C:/NXP/MCUXpressoIDE_11.10.0_3148/ide/plugins/com.nxp.mcuxpresso.tools.win32_11.10.0.202311280810/tools/bin/../lib/gcc/arm-none-eabi/13.2.1/../../../../arm-none-eabi/lib/thumb/v8-m.main+fp/hard\libcr_c.a(fclose.o)
                0x0800792a                fclose
 .text.remove   0x08007982       0x14 C:/NXP/MCUXpressoIDE_11.10.0_3148/ide/plugins/com.nxp.mcuxpresso.tools.win32_11.10.0.202311280810/tools/bin/../lib/gcc/arm-none-eabi/13.2.1/../../../../arm-none-eabi/lib/thumb/v8-m.main+fp/hard\libcr_c.a(remove.o)
                0x08007982                remove
 .text._do_fflush
                0x08007996       0x40 C:/NXP/MCUXpressoIDE_11.10.0_3148/ide/plugins/com.nxp.mcuxpresso.tools.win32_11.10.0.202311280810/tools/bin/../lib/gcc/arm-none-eabi/13.2.1/../../../../arm-none-eabi/lib/thumb/v8-m.main+fp/hard\libcr_c.a(_do_fflush.o)
                0x08007996                _do_fflush
 .text.__aeabi_division_uldivmod
                0x080079d6      0x174 C:/NXP/MCUXpressoIDE_11.10.0_3148/ide/plugins/com.nxp.mcuxpresso.tools.win32_11.10.0.202311280810/tools/bin/../lib/gcc/arm-none-eabi/13.2.1/thumb/v8-m.main+fp/hard\libcr_eabihelpers.a(division_64.o)
                0x080079d6                __aeabi_uldivmod
                0x080079da                __bhs_ldivmod1
 .text.__aeabi_division_idiv0
                0x08007b4a        0x2 C:/NXP/MCUXpressoIDE_11.10.0_3148/ide/plugins/com.nxp.mcuxpresso.tools.win32_11.10.0.202311280810/tools/bin/../lib/gcc/arm-none-eabi/13.2.1/thumb/v8-m.main+fp/hard\libcr_eabihelpers.a(division_idiv0.o)
                0x08007b4a                __aeabi_idiv0
 .text.__aeabi_memset_lowlevel
                0x08007b4c       0x32 C:/NXP/MCUXpressoIDE_11.10.0_3148/ide/plugins/com.nxp.mcuxpresso.tools.win32_11.10.0.202311280810/tools/bin/../lib/gcc/arm-none-eabi/13.2.1/thumb/v8-m.main+fp/hard\libcr_eabihelpers.a(memcpy.o)
                0x08007b4c                __aeabi_lowlevel_memset
 .text.__sys_close
                0x08007b7e        0x6 C:/NXP/MCUXpressoIDE_11.10.0_3148/ide/plugins/com.nxp.mcuxpresso.tools.win32_11.10.0.202311280810/tools/bin/../lib/gcc/arm-none-eabi/13.2.1/../../../../arm-none-eabi/lib/thumb/v8-m.main+fp/hard\libcr_nohost_nf.a(__sys_close.o)
                0x08007b7e                __sys_close
 .text.__sys_flen
                0x08007b84        0x6 C:/NXP/MCUXpressoIDE_11.10.0_3148/ide/plugins/com.nxp.mcuxpresso.tools.win32_11.10.0.202311280810/tools/bin/../lib/gcc/arm-none-eabi/13.2.1/../../../../arm-none-eabi/lib/thumb/v8-m.main+fp/hard\libcr_nohost_nf.a(__sys_flen.o)
                0x08007b84                __sys_flen
 .text.__sys_istty
                0x08007b8a        0x6 C:/NXP/MCUXpressoIDE_11.10.0_3148/ide/plugins/com.nxp.mcuxpresso.tools.win32_11.10.0.202311280810/tools/bin/../lib/gcc/arm-none-eabi/13.2.1/../../../../arm-none-eabi/lib/thumb/v8-m.main+fp/hard\libcr_nohost_nf.a(__sys_istty.o)
                0x08007b8a                __sys_istty
 .text.__sys_remove
                0x08007b90        0x6 C:/NXP/MCUXpressoIDE_11.10.0_3148/ide/plugins/com.nxp.mcuxpresso.tools.win32_11.10.0.202311280810/tools/bin/../lib/gcc/arm-none-eabi/13.2.1/../../../../arm-none-eabi/lib/thumb/v8-m.main+fp/hard\libcr_nohost_nf.a(__sys_remove.o)
                0x08007b90                __sys_remove
 .text.__sys_seek
                0x08007b96        0x6 C:/NXP/MCUXpressoIDE_11.10.0_3148/ide/plugins/com.nxp.mcuxpresso.tools.win32_11.10.0.202311280810/tools/bin/../lib/gcc/arm-none-eabi/13.2.1/../../../../arm-none-eabi/lib/thumb/v8-m.main+fp/hard\libcr_nohost_nf.a(__sys_seek.o)
                0x08007b96                __sys_seek
 .text.__sys_tmpnam
                0x08007b9c        0x6 C:/NXP/MCUXpressoIDE_11.10.0_3148/ide/plugins/com.nxp.mcuxpresso.tools.win32_11.10.0.202311280810/tools/bin/../lib/gcc/arm-none-eabi/13.2.1/../../../../arm-none-eabi/lib/thumb/v8-m.main+fp/hard\libcr_nohost_nf.a(__sys_tmpnam.o)
                0x08007b9c                __sys_tmpnam
 .text.__sys_write
                0x08007ba2        0x4 C:/NXP/MCUXpressoIDE_11.10.0_3148/ide/plugins/com.nxp.mcuxpresso.tools.win32_11.10.0.202311280810/tools/bin/../lib/gcc/arm-none-eabi/13.2.1/../../../../arm-none-eabi/lib/thumb/v8-m.main+fp/hard\libcr_nohost_nf.a(__sys_write.o)
                0x08007ba2                __sys_write
 *fill*         0x08007ba6        0x2 ff
 .text.__sys_write.__stub
                0x08007ba8        0x8 linker stubs
 *(SORT_BY_ALIGNMENT(.rodata) SORT_BY_ALIGNMENT(.rodata.*) SORT_BY_ALIGNMENT(.constdata) SORT_BY_ALIGNMENT(.constdata.*))
 *fill*         0x08007bb0        0x0 ff
 .rodata.__assertion_failed.str1.4
                0x08007bb0     0x15c3 ./utilities/fsl_assert.o
                                 0x14 (size before relaxing)
 .rodata.CLOCK_EnableClock.str1.4
                0x08009173       0x86 ./source/i2s_dma_tdm_record_playback.o
 .rodata.DMA_EnableChannel.str1.4
                0x08009173       0xf3 ./source/i2s_dma_tdm_record_playback.o
 .rodata.DMA_SetChannelPriority.str1.4
                0x08009173       0xf3 ./source/i2s_dma_tdm_record_playback.o
 .rodata.main.str1.4
                0x08009173       0x4f ./source/i2s_dma_tdm_record_playback.o
 .rodata.DEMO_InitCodec.str1.4
                0x08009173       0x57 ./source/i2s_dma_tdm_record_playback.o
 .rodata.CLOCK_GetFRGClock.str1.4
                0x08009173       0x18 ./drivers/fsl_clock.o
 .rodata.CLOCK_GetFlexCommClkFreq.str1.4
                0x08009173       0x18 ./drivers/fsl_clock.o
 .rodata.CLOCK_SetFRGClock.str1.4
                0x08009173       0x61 ./drivers/fsl_clock.o
 .rodata.CLOCK_EnableFfroClk.str1.4
                0x08009173       0x93 ./drivers/fsl_clock.o
 .rodata.CLOCK_EnableSfroClk.str1.4
                0x08009173       0x93 ./drivers/fsl_clock.o
 .rodata.SDK_DelayAtLeastUs.str1.4
                0x08009173       0x2b ./drivers/fsl_common_arm.o
 .rodata.CLOCK_EnableClock.str1.4
                0x08009173       0x18 ./drivers/fsl_dma.o
 .rodata.DMA_EnableChannelInterrupts.str1.4
                0x08009173       0x85 ./drivers/fsl_dma.o
 .rodata.DMA_EnableChannel.str1.4
                0x08009173       0x85 ./drivers/fsl_dma.o
 .rodata.DMA_DisableChannel.str1.4
                0x08009173       0x85 ./drivers/fsl_dma.o
 *fill*         0x08009173        0x1 ff
 .rodata.s_dmaBases
                0x08009174        0x8 ./drivers/fsl_dma.o
 .rodata.s_dmaClockName
                0x0800917c        0x4 ./drivers/fsl_dma.o
 .rodata.s_dmaResets
                0x08009180        0x4 ./drivers/fsl_dma.o
 .rodata.s_dmaIRQNumber
                0x08009184        0x2 ./drivers/fsl_dma.o
 .rodata.DMA_GetInstance.str1.4
                0x08009186       0x32 ./drivers/fsl_dma.o
 .rodata.DMA_SetupDescriptor.str1.4
                0x08009186       0x79 ./drivers/fsl_dma.o
 .rodata.DMA_AbortTransfer.str1.4
                0x08009186       0x1f ./drivers/fsl_dma.o
 .rodata.DMA_CreateHandle.str1.4
                0x08009186       0x64 ./drivers/fsl_dma.o
 .rodata.DMA_SetCallback.str1.4
                0x08009186       0x1f ./drivers/fsl_dma.o
 .rodata.DMA_SubmitChannelTransferParameter.str1.4
                0x08009186       0xa1 ./drivers/fsl_dma.o
 .rodata.DMA_StartTransfer.str1.4
                0x08009186       0x76 ./drivers/fsl_dma.o
 .rodata.CLOCK_EnableClock.str1.4
                0x08009186       0x18 ./drivers/fsl_flexcomm.o
 *fill*         0x08009186        0x2 ff
 .rodata.s_flexcommBaseAddrs
                0x08009188       0x28 ./drivers/fsl_flexcomm.o
 .rodata.s_flexcommClocks
                0x080091b0       0x14 ./drivers/fsl_flexcomm.o
 .rodata.s_flexcommResets
                0x080091c4       0x14 ./drivers/fsl_flexcomm.o
 .rodata.FLEXCOMM_GetInstance.str1.4
                0x080091d8       0x41 ./drivers/fsl_flexcomm.o
 .rodata.FLEXCOMM0_DriverIRQHandler.str1.4
                0x080091d8       0x3c ./drivers/fsl_flexcomm.o
 .rodata.FLEXCOMM1_DriverIRQHandler.str1.4
                0x080091d8       0x3c ./drivers/fsl_flexcomm.o
 .rodata.FLEXCOMM2_DriverIRQHandler.str1.4
                0x080091d8       0x3c ./drivers/fsl_flexcomm.o
 .rodata.FLEXCOMM3_DriverIRQHandler.str1.4
                0x080091d8       0x3c ./drivers/fsl_flexcomm.o
 .rodata.FLEXCOMM4_DriverIRQHandler.str1.4
                0x080091d8       0x3c ./drivers/fsl_flexcomm.o
 .rodata.FLEXCOMM5_DriverIRQHandler.str1.4
                0x080091d8       0x3c ./drivers/fsl_flexcomm.o
 .rodata.FLEXCOMM6_DriverIRQHandler.str1.4
                0x080091d8       0x3c ./drivers/fsl_flexcomm.o
 .rodata.FLEXCOMM7_DriverIRQHandler.str1.4
                0x080091d8       0x3c ./drivers/fsl_flexcomm.o
 .rodata.FLEXCOMM14_DriverIRQHandler.str1.4
                0x080091d8       0x3c ./drivers/fsl_flexcomm.o
 .rodata.FLEXCOMM15_DriverIRQHandler.str1.4
                0x080091d8       0x3c ./drivers/fsl_flexcomm.o
 .rodata.I2C_MasterSetTimeoutValue.str1.4
                0x080091d8       0x3a ./drivers/fsl_i2c.o
 .rodata.I2C_MasterWriteBlocking.str1.4
                0x080091d8       0x1f ./drivers/fsl_i2c.o
 .rodata.I2C_MasterReadBlocking.str1.4
                0x080091d8       0x1f ./drivers/fsl_i2c.o
 .rodata.I2C_MasterTransferBlocking.str1.4
                0x080091d8       0x1d ./drivers/fsl_i2c.o
 .rodata.I2S_Config.str1.4
                0x080091d8       0x1f ./drivers/fsl_i2s.o
 .rodata.DMA_EnableChannelInterrupts.str1.4
                0x080091d8       0x85 ./drivers/fsl_i2s_dma.o
 .rodata.DMA_DisableChannelInterrupts.str1.4
                0x080091d8       0x85 ./drivers/fsl_i2s_dma.o
 .rodata.DMA_EnableChannelPeriphRq.str1.4
                0x080091d8       0x85 ./drivers/fsl_i2s_dma.o
 .rodata.DMA_SetChannelXferConfig.str1.4
                0x080091d8       0x4e ./drivers/fsl_i2s_dma.o
 .rodata.s_I2sBaseAddrs
                0x080091d8       0x20 ./drivers/fsl_i2s_dma.o
 .rodata.I2S_EnqueueUserBuffer.str1.4
                0x080091f8       0xbf ./drivers/fsl_i2s_dma.o
 .rodata.I2S_GetInstance.str1.4
                0x080091f8       0x1a ./drivers/fsl_i2s_dma.o
 .rodata.I2S_TxTransferCreateHandleDMA.str1.4
                0x080091f8       0x4a ./drivers/fsl_i2s_dma.o
 .rodata.I2S_TransferAbortDMA.str1.4
                0x080091f8       0x52 ./drivers/fsl_i2s_dma.o
 .rodata.I2S_GetTransferBytes.str1.4
                0x080091f8       0x25 ./drivers/fsl_i2s_dma.o
 .rodata.RESET_SetPeripheralReset.str1.4
                0x080091f8       0x1e ./drivers/fsl_reset.o
 .rodata.RESET_ClearPeripheralReset.str1.4
                0x080091f8       0x1f ./drivers/fsl_reset.o
 .rodata.USART_Init.str1.4
                0x080091f8       0x4f ./drivers/fsl_usart.o
 .rodata.USART_GetDefaultConfig.str1.4
                0x080091f8       0x21 ./drivers/fsl_usart.o
 .rodata.USART_SetBaudRate.str1.4
                0x080091f8       0x53 ./drivers/fsl_usart.o
 .rodata.USART_WriteBlocking.str1.4
                0x080091f8       0x36 ./drivers/fsl_usart.o
 .rodata.USART_ReadBlocking.str1.4
                0x080091f8       0x36 ./drivers/fsl_usart.o
 .rodata.s_UsartAdapterBase
                0x080091f8       0x20 ./component/uart/fsl_adapter_usart.o
 .rodata.HAL_UartInitCommon.str1.4
                0x08009218       0xeb ./component/uart/fsl_adapter_usart.o
 .rodata.HAL_UartReceiveBlocking.str1.4
                0x08009218       0x65 ./component/uart/fsl_adapter_usart.o
 .rodata.HAL_UartSendBlocking.str1.4
                0x08009218       0x65 ./component/uart/fsl_adapter_usart.o
 .rodata.s_i2cBases
                0x08009218       0x24 ./component/i2c/fsl_adapter_flexcomm_i2c.o
 .rodata.HAL_I2cMasterInit.str1.4
                0x0800923c       0x56 ./component/i2c/fsl_adapter_flexcomm_i2c.o
 .rodata.HAL_I2cMasterTransferBlocking.str1.4
                0x0800923c       0x4e ./component/i2c/fsl_adapter_flexcomm_i2c.o
 .rodata.s_cs42448_capability
                0x0800923c       0x10 ./codec/port/cs42448/fsl_codec_cs42448_adapter.o
 .rodata.HAL_CODEC_CS42448_Init.str1.4
                0x0800924c       0x46 ./codec/port/cs42448/fsl_codec_cs42448_adapter.o
 .rodata.CODEC_Init.str1.4
                0x0800924c       0x3d ./codec/fsl_codec_common.o
 .rodata.CS42448_Init.str1.4
                0x0800924c       0x46 ./codec/fsl_cs42448.o
 .rodata.CS42448_ConfigDataFormat.str1.4
                0x0800924c      0x12e ./codec/fsl_cs42448.o
 .rodata.CS42448_WriteReg.str1.4
                0x0800924c       0x2b ./codec/fsl_cs42448.o
 .rodata.CS42448_ReadReg.str1.4
                0x0800924c       0x2b ./codec/fsl_cs42448.o
 .rodata        0x0800924c       0x24 ./board/board.o
 .rodata.g_sysPllConfig_BOARD_BootClockRUN
                0x08009270       0x10 ./board/clock_config.o
                0x08009270                g_sysPllConfig_BOARD_BootClockRUN
 .rodata.g_audioPllConfig_BOARD_BootClockRUN
                0x08009280       0x10 ./board/clock_config.o
                0x08009280                g_audioPllConfig_BOARD_BootClockRUN
 .rodata.__num_Ciob_streams
                0x08009290        0x4 C:/NXP/MCUXpressoIDE_11.10.0_3148/ide/plugins/com.nxp.mcuxpresso.tools.win32_11.10.0.202311280810/tools/bin/../lib/gcc/arm-none-eabi/13.2.1/../../../../arm-none-eabi/lib/thumb/v8-m.main+fp/hard\libcr_nohost_nf.a(__ciob.o)
                0x08009290                __num_Ciob_streams
 .rodata._initio.str1.1
                0x08009294        0x4 C:/NXP/MCUXpressoIDE_11.10.0_3148/ide/plugins/com.nxp.mcuxpresso.tools.win32_11.10.0.202311280810/tools/bin/../lib/gcc/arm-none-eabi/13.2.1/../../../../arm-none-eabi/lib/thumb/v8-m.main+fp/hard\libcr_c.a(initio.o)
                0x0800937c                        . = ALIGN (0x4)

.glue_7         0x08009298        0x0
 .glue_7        0x08009298        0x0 linker stubs

.glue_7t        0x08009298        0x0
 .glue_7t       0x08009298        0x0 linker stubs

.vfp11_veneer   0x08009298        0x0
 .vfp11_veneer  0x08009298        0x0 linker stubs

.v4_bx          0x08009298        0x0
 .v4_bx         0x08009298        0x0 linker stubs

.iplt           0x08009298        0x0
 .iplt          0x08009298        0x0 ./utilities/fsl_assert.o

.rel.dyn        0x08009298        0x0
 .rel.iplt      0x08009298        0x0 ./utilities/fsl_assert.o

.ARM.extab
 *(SORT_BY_ALIGNMENT(.ARM.extab*) SORT_BY_ALIGNMENT(.gnu.linkonce.armextab.*))

.ARM.exidx      0x08009298        0x0
                0x08009298                        __exidx_start = .
 *(SORT_BY_ALIGNMENT(.ARM.exidx*) SORT_BY_ALIGNMENT(.gnu.linkonce.armexidx.*))
                0x08009298                        __exidx_end = .
                0x08009298                        _etext = .

.m_usb_data
 *(SORT_BY_ALIGNMENT(m_usb_global))

.data_RAM2      0x40140000        0x0 load address 0x08009298
 FILL mask 0xff
                [!provide]                        PROVIDE (__start_data_RAM2 = .)
                [!provide]                        PROVIDE (__start_data_USB_RAM = .)
 *(SORT_BY_ALIGNMENT(.ramfunc.$RAM2))
 *(SORT_BY_ALIGNMENT(.ramfunc.$USB_RAM))
 *(SORT_BY_ALIGNMENT(.data.$RAM2))
 *(SORT_BY_ALIGNMENT(.data.$USB_RAM))
 *(SORT_BY_ALIGNMENT(.data.$RAM2.*))
 *(SORT_BY_ALIGNMENT(.data.$USB_RAM.*))
                0x40140000                        . = ALIGN (0x4)
                [!provide]                        PROVIDE (__end_data_RAM2 = .)
                [!provide]                        PROVIDE (__end_data_USB_RAM = .)

.uninit_RESERVED
                0x00080000        0x0
                0x00080000                        _start_uninit_RESERVED = .
 *(SORT_BY_ALIGNMENT(.bss.$RESERVED*))
                0x00080000                        . = ALIGN (0x4)
                0x00080000                        _end_uninit_RESERVED = .

.data           0x00080000     0x1228 load address 0x08009298
 FILL mask 0xff
                0x00080000                        _data = .
                [!provide]                        PROVIDE (__start_data_RAM = .)
                [!provide]                        PROVIDE (__start_data_SRAM = .)
 *(SORT_BY_ALIGNMENT(vtable))
 *(SORT_BY_ALIGNMENT(.ramfunc*))
 *(SORT_BY_ALIGNMENT(CodeQuickAccess))
 CodeQuickAccess
                0x00080000      0xdb0 ./drivers/fsl_power.o
                0x00080000                POWER_EnterRbb
                0x0008011c                POWER_EnterFbb
                0x00080238                POWER_EnterNbb
                0x0008034c                POWER_EnterDeepSleep
 CodeQuickAccess
                0x00080db0      0x3e0 ./board/board.o
                0x00080db0                BOARD_SetFlexspiClock
                0x00080e80                BOARD_DeinitXip
                0x00080ed8                BOARD_InitXip
                0x00080fb8                BOARD_SetDeepSleepPinConfig
                0x000810d0                BOARD_RestoreDeepSleepPinConfig
                0x00081154                BOARD_EnterDeepSleep
                0x00081172                BOARD_EnterDeepPowerDown
 CodeQuickAccess.__stub
                0x00081190       0x28 linker stubs
 *(SORT_BY_ALIGNMENT(DataQuickAccess))
 DataQuickAccess
                0x000811b8       0x10 ./drivers/fsl_power.o
 DataQuickAccess
                0x000811c8       0x24 ./board/board.o
 *(SORT_BY_ALIGNMENT(RamFunction))
 *(SORT_BY_ALIGNMENT(.data*))
 .data.cs42448Config
                0x000811ec       0x24 ./source/i2s_dma_tdm_record_playback.o
                0x000811ec                cs42448Config
 .data.boardCodecConfig
                0x00081210        0x8 ./source/i2s_dma_tdm_record_playback.o
                0x00081210                boardCodecConfig
 .data.emptyBlock
                0x00081218        0x4 ./source/i2s_dma_tdm_record_playback.o
                0x00081218                emptyBlock
 .data.s_dma_descriptor_table
                0x0008121c        0x8 ./drivers/fsl_dma.o
 .data.SystemCoreClock
                0x00081224        0x4 ./MIMXRT685S/system_MIMXRT685S_cm33.o
                0x00081224                SystemCoreClock
                0x00081228                        . = ALIGN (0x4)
                0x00081228                        _edata = .
                [!provide]                        PROVIDE (__end_data_RAM = .)
                [!provide]                        PROVIDE (__end_data_SRAM = .)

.igot.plt       0x00081228        0x0 load address 0x0800a4c0
 .igot.plt      0x00081228        0x0 ./utilities/fsl_assert.o

.bss_RAM2       0x40140000        0x0
                [!provide]                        PROVIDE (__start_bss_RAM2 = .)
                [!provide]                        PROVIDE (__start_bss_USB_RAM = .)
 *(SORT_BY_ALIGNMENT(.bss.$RAM2))
 *(SORT_BY_ALIGNMENT(.bss.$USB_RAM))
 *(SORT_BY_ALIGNMENT(.bss.$RAM2.*))
 *(SORT_BY_ALIGNMENT(.bss.$USB_RAM.*))
                0x40140000                        . = ALIGN ((. != 0x0)?0x4:0x1)
                [!provide]                        PROVIDE (__end_bss_RAM2 = .)
                [!provide]                        PROVIDE (__end_bss_USB_RAM = .)

.bss            0x00081400     0x1c5c
                0x00081400                        _bss = .
                [!provide]                        PROVIDE (__start_bss_RAM = .)
                [!provide]                        PROVIDE (__start_bss_SRAM = .)
 *(SORT_BY_ALIGNMENT(.bss*))
 .bss.s_dma_descriptor_table0
                0x00081400      0x210 ./drivers/fsl_dma.o
 *fill*         0x00081610      0x1f0 
 .bss.s_dma_descriptor_table1
                0x00081800      0x210 ./drivers/fsl_dma.o
 .bss.s_DmaDescriptors
                0x00081a10      0x100 ./drivers/fsl_i2s_dma.o
 .bss.s_debugConsole
                0x00081b10       0x14 ./utilities/fsl_debug_console.o
 .bss.Buffer    0x00081b24     0x1000 ./source/i2s_dma_tdm_record_playback.o
 .bss.tx_index  0x00082b24        0x4 ./source/i2s_dma_tdm_record_playback.o
 .bss.rx_index  0x00082b28        0x4 ./source/i2s_dma_tdm_record_playback.o
 .bss.codecHandle
                0x00082b2c       0x7c ./source/i2s_dma_tdm_record_playback.o
                0x00082b2c                codecHandle
 .bss.s_TxConfig
                0x00082ba8       0x14 ./source/i2s_dma_tdm_record_playback.o
 .bss.s_RxConfig
                0x00082bbc       0x14 ./source/i2s_dma_tdm_record_playback.o
 .bss.s_i2sTxHandle
                0x00082bd0       0x40 ./source/i2s_dma_tdm_record_playback.o
 .bss.s_i2sRxHandle
                0x00082c10       0x40 ./source/i2s_dma_tdm_record_playback.o
 .bss.s_i2sTxDmaHandle
                0x00082c50       0x10 ./source/i2s_dma_tdm_record_playback.o
 .bss.s_i2sRxDmaHandle
                0x00082c60       0x10 ./source/i2s_dma_tdm_record_playback.o
 .bss.g_xtalFreq
                0x00082c70        0x4 ./drivers/fsl_clock.o
                0x00082c70                g_xtalFreq
 .bss.g_clkinFreq
                0x00082c74        0x4 ./drivers/fsl_clock.o
                0x00082c74                g_clkinFreq
 .bss.g_mclkFreq
                0x00082c78        0x4 ./drivers/fsl_clock.o
                0x00082c78                g_mclkFreq
 .bss.s_DMAHandle
                0x00082c7c      0x108 ./drivers/fsl_dma.o
 .bss.s_flexcommIrqHandler
                0x00082d84       0x28 ./drivers/fsl_flexcomm.o
 .bss.s_flexcommHandle
                0x00082dac       0x28 ./drivers/fsl_flexcomm.o
 .bss.s_flexspiHandle
                0x00082dd4        0x4 ./drivers/fsl_flexspi.o
 .bss.s_flexspiIsr
                0x00082dd8        0x4 ./drivers/fsl_flexspi.o
 .bss.s_DummyBufferTx
                0x00082ddc        0x4 ./drivers/fsl_i2s_dma.o
 .bss.s_DummyBufferRx
                0x00082de0        0x4 ./drivers/fsl_i2s_dma.o
 .bss.s_DmaPrivateHandle
                0x00082de4      0x1c0 ./drivers/fsl_i2s_dma.o
 .bss.errno     0x00082fa4        0x4 C:/NXP/MCUXpressoIDE_11.10.0_3148/ide/plugins/com.nxp.mcuxpresso.tools.win32_11.10.0.202311280810/tools/bin/../lib/gcc/arm-none-eabi/13.2.1/../../../../arm-none-eabi/lib/thumb/v8-m.main+fp/hard\libcr_c.a(errno.o)
                0x00082fa4                errno
 .bss.__Ciob    0x00082fa8       0xb4 C:/NXP/MCUXpressoIDE_11.10.0_3148/ide/plugins/com.nxp.mcuxpresso.tools.win32_11.10.0.202311280810/tools/bin/../lib/gcc/arm-none-eabi/13.2.1/../../../../arm-none-eabi/lib/thumb/v8-m.main+fp/hard\libcr_nohost_nf.a(__ciob.o)
                0x00082fa8                __Ciob
 *(SORT_BY_ALIGNMENT(COMMON))
                0x0008305c                        . = ALIGN (0x4)
                0x0008305c                        _ebss = .
                [!provide]                        PROVIDE (__end_bss_RAM = .)
                [!provide]                        PROVIDE (__end_bss_SRAM = .)
                [!provide]                        PROVIDE (end = .)

.noinit_RAM2    0x40140000        0x0
                [!provide]                        PROVIDE (__start_noinit_RAM2 = .)
                [!provide]                        PROVIDE (__start_noinit_USB_RAM = .)
 *(SORT_BY_ALIGNMENT(.noinit.$RAM2))
 *(SORT_BY_ALIGNMENT(.noinit.$USB_RAM))
 *(SORT_BY_ALIGNMENT(.noinit.$RAM2.*))
 *(SORT_BY_ALIGNMENT(.noinit.$USB_RAM.*))
                0x40140000                        . = ALIGN (0x4)
                [!provide]                        PROVIDE (__end_noinit_RAM2 = .)
                [!provide]                        PROVIDE (__end_noinit_USB_RAM = .)

.noinit         0x0008305c        0x0
                0x0008305c                        _noinit = .
                [!provide]                        PROVIDE (__start_noinit_RAM = .)
                [!provide]                        PROVIDE (__start_noinit_SRAM = .)
 *(SORT_BY_ALIGNMENT(.noinit*))
                0x0008305c                        . = ALIGN (0x4)
                0x0008305c                        _end_noinit = .
                [!provide]                        PROVIDE (__end_noinit_RAM = .)
                [!provide]                        PROVIDE (__end_noinit_SRAM = .)
                0x00001000                        _HeapSize = 0x1000

.heap           0x0008305c     0x1000
                0x0008305c                        _pvHeapStart = .
                0x0008405c                        . = (. + _HeapSize)
 *fill*         0x0008305c     0x1000 
                0x0008405c                        . = ALIGN (0x4)
                0x0008405c                        _pvHeapLimit = .
                0x00001000                        _StackSize = 0x1000

.heap2stackfill
                0x0008405c     0x1000
                0x0008505c                        . = (. + _StackSize)
 *fill*         0x0008405c     0x1000 

.stack          0x001ff000        0x0
                0x001ff000                        _vStackBase = .
                0x001ff000                        . = ALIGN (0x4)
                0x00200000                        _vStackTop = (. + _StackSize)
                0x08001000                        _image_start = LOADADDR (.text)
                0x0800a4c0                        _image_end = (LOADADDR (.data) + SIZEOF (.data))
                0x000094c0                        _image_size = (_image_end - _image_start)
                0x08001000                        __imghdr_loadaddress = LOADADDR (.text)
                0x00000000                        __imghdr_imagetype = 0x0
OUTPUT(i2s_dma_tdm_record_playback.axf elf32-littlearm)
LOAD linker stubs

.debug_info     0x00000000    0x2617f
 .debug_info    0x00000000      0x127 ./utilities/fsl_assert.o
 .debug_info    0x00000127      0xce8 ./utilities/fsl_debug_console.o
 .debug_info    0x00000e0f       0x24 ./utilities/fsl_memcpy.o
 .debug_info    0x00000e33     0x28ce ./source/i2s_dma_tdm_record_playback.o
 .debug_info    0x00003701       0x3c ./source/semihost_hardfault.o
 .debug_info    0x0000373d      0x821 ./flash_config/flash_config.o
 .debug_info    0x00003f5e     0x2f09 ./drivers/fsl_clock.o
 .debug_info    0x00006e67      0x61c ./drivers/fsl_common_arm.o
 .debug_info    0x00007483     0x28f6 ./drivers/fsl_dma.o
 .debug_info    0x00009d79     0x18fe ./drivers/fsl_flexcomm.o
 .debug_info    0x0000b677     0x2744 ./drivers/fsl_flexspi.o
 .debug_info    0x0000ddbb     0x22fc ./drivers/fsl_i2c.o
 .debug_info    0x000100b7     0x16be ./drivers/fsl_i2s.o
 .debug_info    0x00011775     0x170c ./drivers/fsl_i2s_dma.o
 .debug_info    0x00012e81     0x2dbe ./drivers/fsl_power.o
 .debug_info    0x00015c3f      0x4d5 ./drivers/fsl_reset.o
 .debug_info    0x00016114     0x196b ./drivers/fsl_usart.o
 .debug_info    0x00017a7f      0xd1e ./component/uart/fsl_adapter_usart.o
 .debug_info    0x0001879d     0x1793 ./component/i2c/fsl_adapter_flexcomm_i2c.o
 .debug_info    0x00019f30      0xc17 ./codec/port/cs42448/fsl_codec_cs42448_adapter.o
 .debug_info    0x0001ab47      0x9e2 ./codec/fsl_codec_common.o
 .debug_info    0x0001b529      0x433 ./codec/fsl_codec_i2c.o
 .debug_info    0x0001b95c      0xa7d ./codec/fsl_cs42448.o
 .debug_info    0x0001c3d9     0x397b ./board/board.o
 .debug_info    0x0001fd54     0x1da8 ./board/clock_config.o
 .debug_info    0x00021afc      0x246 ./board/pin_mux.o
 .debug_info    0x00021d42      0x9e6 ./MIMXRT685S/mcuxpresso/startup_mimxrt685s.o
 .debug_info    0x00022728     0x110b ./MIMXRT685S/system_MIMXRT685S_cm33.o
 .debug_info    0x00023833       0x85 C:/NXP/MCUXpressoIDE_11.10.0_3148/ide/plugins/com.nxp.mcuxpresso.tools.win32_11.10.0.202311280810/tools/bin/../lib/gcc/arm-none-eabi/13.2.1/../../../../arm-none-eabi/lib/thumb/v8-m.main+fp/hard\libcr_nohost_nf.a(_cr__main.o)
 .debug_info    0x000238b8       0xfc C:/NXP/MCUXpressoIDE_11.10.0_3148/ide/plugins/com.nxp.mcuxpresso.tools.win32_11.10.0.202311280810/tools/bin/../lib/gcc/arm-none-eabi/13.2.1/../../../../arm-none-eabi/lib/thumb/v8-m.main+fp/hard\libcr_c.a(memset.o)
 .debug_info    0x000239b4      0x520 C:/NXP/MCUXpressoIDE_11.10.0_3148/ide/plugins/com.nxp.mcuxpresso.tools.win32_11.10.0.202311280810/tools/bin/../lib/gcc/arm-none-eabi/13.2.1/../../../../arm-none-eabi/lib/thumb/v8-m.main+fp/hard\libcr_c.a(alloc.o)
 .debug_info    0x00023ed4       0x44 C:/NXP/MCUXpressoIDE_11.10.0_3148/ide/plugins/com.nxp.mcuxpresso.tools.win32_11.10.0.202311280810/tools/bin/../lib/gcc/arm-none-eabi/13.2.1/../../../../arm-none-eabi/lib/thumb/v8-m.main+fp/hard\libcr_c.a(errno.o)
 .debug_info    0x00023f18      0x339 C:/NXP/MCUXpressoIDE_11.10.0_3148/ide/plugins/com.nxp.mcuxpresso.tools.win32_11.10.0.202311280810/tools/bin/../lib/gcc/arm-none-eabi/13.2.1/../../../../arm-none-eabi/lib/thumb/v8-m.main+fp/hard\libcr_c.a(initio.o)
 .debug_info    0x00024251      0x1fd C:/NXP/MCUXpressoIDE_11.10.0_3148/ide/plugins/com.nxp.mcuxpresso.tools.win32_11.10.0.202311280810/tools/bin/../lib/gcc/arm-none-eabi/13.2.1/../../../../arm-none-eabi/lib/thumb/v8-m.main+fp/hard\libcr_c.a(setvbuf.o)
 .debug_info    0x0002444e       0xe1 C:/NXP/MCUXpressoIDE_11.10.0_3148/ide/plugins/com.nxp.mcuxpresso.tools.win32_11.10.0.202311280810/tools/bin/../lib/gcc/arm-none-eabi/13.2.1/../../../../arm-none-eabi/lib/thumb/v8-m.main+fp/hard\libcr_c.a(strlen.o)
 .debug_info    0x0002452f      0x369 C:/NXP/MCUXpressoIDE_11.10.0_3148/ide/plugins/com.nxp.mcuxpresso.tools.win32_11.10.0.202311280810/tools/bin/../lib/gcc/arm-none-eabi/13.2.1/../../../../arm-none-eabi/lib/thumb/v8-m.main+fp/hard\libcr_c.a(_deferredlazyseek.o)
 .debug_info    0x00024898      0x24b C:/NXP/MCUXpressoIDE_11.10.0_3148/ide/plugins/com.nxp.mcuxpresso.tools.win32_11.10.0.202311280810/tools/bin/../lib/gcc/arm-none-eabi/13.2.1/../../../../arm-none-eabi/lib/thumb/v8-m.main+fp/hard\libcr_c.a(_fdopen.o)
 .debug_info    0x00024ae3      0x1e3 C:/NXP/MCUXpressoIDE_11.10.0_3148/ide/plugins/com.nxp.mcuxpresso.tools.win32_11.10.0.202311280810/tools/bin/../lib/gcc/arm-none-eabi/13.2.1/../../../../arm-none-eabi/lib/thumb/v8-m.main+fp/hard\libcr_c.a(_fflush.o)
 .debug_info    0x00024cc6      0x289 C:/NXP/MCUXpressoIDE_11.10.0_3148/ide/plugins/com.nxp.mcuxpresso.tools.win32_11.10.0.202311280810/tools/bin/../lib/gcc/arm-none-eabi/13.2.1/../../../../arm-none-eabi/lib/thumb/v8-m.main+fp/hard\libcr_c.a(_writebuf.o)
 .debug_info    0x00024f4f      0x318 C:/NXP/MCUXpressoIDE_11.10.0_3148/ide/plugins/com.nxp.mcuxpresso.tools.win32_11.10.0.202311280810/tools/bin/../lib/gcc/arm-none-eabi/13.2.1/../../../../arm-none-eabi/lib/thumb/v8-m.main+fp/hard\libcr_c.a(fclose.o)
 .debug_info    0x00025267      0x209 C:/NXP/MCUXpressoIDE_11.10.0_3148/ide/plugins/com.nxp.mcuxpresso.tools.win32_11.10.0.202311280810/tools/bin/../lib/gcc/arm-none-eabi/13.2.1/../../../../arm-none-eabi/lib/thumb/v8-m.main+fp/hard\libcr_c.a(fflush.o)
 .debug_info    0x00025470      0x276 C:/NXP/MCUXpressoIDE_11.10.0_3148/ide/plugins/com.nxp.mcuxpresso.tools.win32_11.10.0.202311280810/tools/bin/../lib/gcc/arm-none-eabi/13.2.1/../../../../arm-none-eabi/lib/thumb/v8-m.main+fp/hard\libcr_c.a(fseek.o)
 .debug_info    0x000256e6      0x197 C:/NXP/MCUXpressoIDE_11.10.0_3148/ide/plugins/com.nxp.mcuxpresso.tools.win32_11.10.0.202311280810/tools/bin/../lib/gcc/arm-none-eabi/13.2.1/../../../../arm-none-eabi/lib/thumb/v8-m.main+fp/hard\libcr_c.a(ftell.o)
 .debug_info    0x0002587d      0x1d7 C:/NXP/MCUXpressoIDE_11.10.0_3148/ide/plugins/com.nxp.mcuxpresso.tools.win32_11.10.0.202311280810/tools/bin/../lib/gcc/arm-none-eabi/13.2.1/../../../../arm-none-eabi/lib/thumb/v8-m.main+fp/hard\libcr_c.a(remove.o)
 .debug_info    0x00025a54      0x23a C:/NXP/MCUXpressoIDE_11.10.0_3148/ide/plugins/com.nxp.mcuxpresso.tools.win32_11.10.0.202311280810/tools/bin/../lib/gcc/arm-none-eabi/13.2.1/../../../../arm-none-eabi/lib/thumb/v8-m.main+fp/hard\libcr_c.a(_do_fflush.o)
 .debug_info    0x00025c8e      0x18b C:/NXP/MCUXpressoIDE_11.10.0_3148/ide/plugins/com.nxp.mcuxpresso.tools.win32_11.10.0.202311280810/tools/bin/../lib/gcc/arm-none-eabi/13.2.1/../../../../arm-none-eabi/lib/thumb/v8-m.main+fp/hard\libcr_nohost_nf.a(__ciob.o)
 .debug_info    0x00025e19       0x6a C:/NXP/MCUXpressoIDE_11.10.0_3148/ide/plugins/com.nxp.mcuxpresso.tools.win32_11.10.0.202311280810/tools/bin/../lib/gcc/arm-none-eabi/13.2.1/../../../../arm-none-eabi/lib/thumb/v8-m.main+fp/hard\libcr_nohost_nf.a(__sys_close.o)
 .debug_info    0x00025e83       0x6a C:/NXP/MCUXpressoIDE_11.10.0_3148/ide/plugins/com.nxp.mcuxpresso.tools.win32_11.10.0.202311280810/tools/bin/../lib/gcc/arm-none-eabi/13.2.1/../../../../arm-none-eabi/lib/thumb/v8-m.main+fp/hard\libcr_nohost_nf.a(__sys_flen.o)
 .debug_info    0x00025eed       0x6a C:/NXP/MCUXpressoIDE_11.10.0_3148/ide/plugins/com.nxp.mcuxpresso.tools.win32_11.10.0.202311280810/tools/bin/../lib/gcc/arm-none-eabi/13.2.1/../../../../arm-none-eabi/lib/thumb/v8-m.main+fp/hard\libcr_nohost_nf.a(__sys_istty.o)
 .debug_info    0x00025f57       0x8a C:/NXP/MCUXpressoIDE_11.10.0_3148/ide/plugins/com.nxp.mcuxpresso.tools.win32_11.10.0.202311280810/tools/bin/../lib/gcc/arm-none-eabi/13.2.1/../../../../arm-none-eabi/lib/thumb/v8-m.main+fp/hard\libcr_nohost_nf.a(__sys_remove.o)
 .debug_info    0x00025fe1       0x78 C:/NXP/MCUXpressoIDE_11.10.0_3148/ide/plugins/com.nxp.mcuxpresso.tools.win32_11.10.0.202311280810/tools/bin/../lib/gcc/arm-none-eabi/13.2.1/../../../../arm-none-eabi/lib/thumb/v8-m.main+fp/hard\libcr_nohost_nf.a(__sys_seek.o)
 .debug_info    0x00026059       0x93 C:/NXP/MCUXpressoIDE_11.10.0_3148/ide/plugins/com.nxp.mcuxpresso.tools.win32_11.10.0.202311280810/tools/bin/../lib/gcc/arm-none-eabi/13.2.1/../../../../arm-none-eabi/lib/thumb/v8-m.main+fp/hard\libcr_nohost_nf.a(__sys_tmpnam.o)
 .debug_info    0x000260ec       0x93 C:/NXP/MCUXpressoIDE_11.10.0_3148/ide/plugins/com.nxp.mcuxpresso.tools.win32_11.10.0.202311280810/tools/bin/../lib/gcc/arm-none-eabi/13.2.1/../../../../arm-none-eabi/lib/thumb/v8-m.main+fp/hard\libcr_nohost_nf.a(__sys_write.o)

.debug_abbrev   0x00000000     0x5440
 .debug_abbrev  0x00000000       0xbd ./utilities/fsl_assert.o
 .debug_abbrev  0x000000bd      0x256 ./utilities/fsl_debug_console.o
 .debug_abbrev  0x00000313       0x14 ./utilities/fsl_memcpy.o
 .debug_abbrev  0x00000327      0x32d ./source/i2s_dma_tdm_record_playback.o
 .debug_abbrev  0x00000654       0x31 ./source/semihost_hardfault.o
 .debug_abbrev  0x00000685       0xf9 ./flash_config/flash_config.o
 .debug_abbrev  0x0000077e      0x361 ./drivers/fsl_clock.o
 .debug_abbrev  0x00000adf      0x17b ./drivers/fsl_common_arm.o
 .debug_abbrev  0x00000c5a      0x362 ./drivers/fsl_dma.o
 .debug_abbrev  0x00000fbc      0x28e ./drivers/fsl_flexcomm.o
 .debug_abbrev  0x0000124a      0x38c ./drivers/fsl_flexspi.o
 .debug_abbrev  0x000015d6      0x395 ./drivers/fsl_i2c.o
 .debug_abbrev  0x0000196b      0x328 ./drivers/fsl_i2s.o
 .debug_abbrev  0x00001c93      0x353 ./drivers/fsl_i2s_dma.o
 .debug_abbrev  0x00001fe6      0x425 ./drivers/fsl_power.o
 .debug_abbrev  0x0000240b      0x132 ./drivers/fsl_reset.o
 .debug_abbrev  0x0000253d      0x3c0 ./drivers/fsl_usart.o
 .debug_abbrev  0x000028fd      0x234 ./component/uart/fsl_adapter_usart.o
 .debug_abbrev  0x00002b31      0x266 ./component/i2c/fsl_adapter_flexcomm_i2c.o
 .debug_abbrev  0x00002d97      0x1f5 ./codec/port/cs42448/fsl_codec_cs42448_adapter.o
 .debug_abbrev  0x00002f8c      0x1ba ./codec/fsl_codec_common.o
 .debug_abbrev  0x00003146      0x134 ./codec/fsl_codec_i2c.o
 .debug_abbrev  0x0000327a      0x231 ./codec/fsl_cs42448.o
 .debug_abbrev  0x000034ab      0x398 ./board/board.o
 .debug_abbrev  0x00003843      0x228 ./board/clock_config.o
 .debug_abbrev  0x00003a6b      0x16f ./board/pin_mux.o
 .debug_abbrev  0x00003bda      0x15f ./MIMXRT685S/mcuxpresso/startup_mimxrt685s.o
 .debug_abbrev  0x00003d39      0x197 ./MIMXRT685S/system_MIMXRT685S_cm33.o
 .debug_abbrev  0x00003ed0       0x70 C:/NXP/MCUXpressoIDE_11.10.0_3148/ide/plugins/com.nxp.mcuxpresso.tools.win32_11.10.0.202311280810/tools/bin/../lib/gcc/arm-none-eabi/13.2.1/../../../../arm-none-eabi/lib/thumb/v8-m.main+fp/hard\libcr_nohost_nf.a(_cr__main.o)
 .debug_abbrev  0x00003f40       0xa8 C:/NXP/MCUXpressoIDE_11.10.0_3148/ide/plugins/com.nxp.mcuxpresso.tools.win32_11.10.0.202311280810/tools/bin/../lib/gcc/arm-none-eabi/13.2.1/../../../../arm-none-eabi/lib/thumb/v8-m.main+fp/hard\libcr_c.a(memset.o)
 .debug_abbrev  0x00003fe8      0x284 C:/NXP/MCUXpressoIDE_11.10.0_3148/ide/plugins/com.nxp.mcuxpresso.tools.win32_11.10.0.202311280810/tools/bin/../lib/gcc/arm-none-eabi/13.2.1/../../../../arm-none-eabi/lib/thumb/v8-m.main+fp/hard\libcr_c.a(alloc.o)
 .debug_abbrev  0x0000426c       0x44 C:/NXP/MCUXpressoIDE_11.10.0_3148/ide/plugins/com.nxp.mcuxpresso.tools.win32_11.10.0.202311280810/tools/bin/../lib/gcc/arm-none-eabi/13.2.1/../../../../arm-none-eabi/lib/thumb/v8-m.main+fp/hard\libcr_c.a(errno.o)
 .debug_abbrev  0x000042b0      0x169 C:/NXP/MCUXpressoIDE_11.10.0_3148/ide/plugins/com.nxp.mcuxpresso.tools.win32_11.10.0.202311280810/tools/bin/../lib/gcc/arm-none-eabi/13.2.1/../../../../arm-none-eabi/lib/thumb/v8-m.main+fp/hard\libcr_c.a(initio.o)
 .debug_abbrev  0x00004419       0xe1 C:/NXP/MCUXpressoIDE_11.10.0_3148/ide/plugins/com.nxp.mcuxpresso.tools.win32_11.10.0.202311280810/tools/bin/../lib/gcc/arm-none-eabi/13.2.1/../../../../arm-none-eabi/lib/thumb/v8-m.main+fp/hard\libcr_c.a(setvbuf.o)
 .debug_abbrev  0x000044fa       0xa7 C:/NXP/MCUXpressoIDE_11.10.0_3148/ide/plugins/com.nxp.mcuxpresso.tools.win32_11.10.0.202311280810/tools/bin/../lib/gcc/arm-none-eabi/13.2.1/../../../../arm-none-eabi/lib/thumb/v8-m.main+fp/hard\libcr_c.a(strlen.o)
 .debug_abbrev  0x000045a1      0x152 C:/NXP/MCUXpressoIDE_11.10.0_3148/ide/plugins/com.nxp.mcuxpresso.tools.win32_11.10.0.202311280810/tools/bin/../lib/gcc/arm-none-eabi/13.2.1/../../../../arm-none-eabi/lib/thumb/v8-m.main+fp/hard\libcr_c.a(_deferredlazyseek.o)
 .debug_abbrev  0x000046f3      0x119 C:/NXP/MCUXpressoIDE_11.10.0_3148/ide/plugins/com.nxp.mcuxpresso.tools.win32_11.10.0.202311280810/tools/bin/../lib/gcc/arm-none-eabi/13.2.1/../../../../arm-none-eabi/lib/thumb/v8-m.main+fp/hard\libcr_c.a(_fdopen.o)
 .debug_abbrev  0x0000480c       0xf1 C:/NXP/MCUXpressoIDE_11.10.0_3148/ide/plugins/com.nxp.mcuxpresso.tools.win32_11.10.0.202311280810/tools/bin/../lib/gcc/arm-none-eabi/13.2.1/../../../../arm-none-eabi/lib/thumb/v8-m.main+fp/hard\libcr_c.a(_fflush.o)
 .debug_abbrev  0x000048fd      0x126 C:/NXP/MCUXpressoIDE_11.10.0_3148/ide/plugins/com.nxp.mcuxpresso.tools.win32_11.10.0.202311280810/tools/bin/../lib/gcc/arm-none-eabi/13.2.1/../../../../arm-none-eabi/lib/thumb/v8-m.main+fp/hard\libcr_c.a(_writebuf.o)
 .debug_abbrev  0x00004a23      0x155 C:/NXP/MCUXpressoIDE_11.10.0_3148/ide/plugins/com.nxp.mcuxpresso.tools.win32_11.10.0.202311280810/tools/bin/../lib/gcc/arm-none-eabi/13.2.1/../../../../arm-none-eabi/lib/thumb/v8-m.main+fp/hard\libcr_c.a(fclose.o)
 .debug_abbrev  0x00004b78      0x125 C:/NXP/MCUXpressoIDE_11.10.0_3148/ide/plugins/com.nxp.mcuxpresso.tools.win32_11.10.0.202311280810/tools/bin/../lib/gcc/arm-none-eabi/13.2.1/../../../../arm-none-eabi/lib/thumb/v8-m.main+fp/hard\libcr_c.a(fflush.o)
 .debug_abbrev  0x00004c9d      0x11b C:/NXP/MCUXpressoIDE_11.10.0_3148/ide/plugins/com.nxp.mcuxpresso.tools.win32_11.10.0.202311280810/tools/bin/../lib/gcc/arm-none-eabi/13.2.1/../../../../arm-none-eabi/lib/thumb/v8-m.main+fp/hard\libcr_c.a(fseek.o)
 .debug_abbrev  0x00004db8       0xc2 C:/NXP/MCUXpressoIDE_11.10.0_3148/ide/plugins/com.nxp.mcuxpresso.tools.win32_11.10.0.202311280810/tools/bin/../lib/gcc/arm-none-eabi/13.2.1/../../../../arm-none-eabi/lib/thumb/v8-m.main+fp/hard\libcr_c.a(ftell.o)
 .debug_abbrev  0x00004e7a       0xfb C:/NXP/MCUXpressoIDE_11.10.0_3148/ide/plugins/com.nxp.mcuxpresso.tools.win32_11.10.0.202311280810/tools/bin/../lib/gcc/arm-none-eabi/13.2.1/../../../../arm-none-eabi/lib/thumb/v8-m.main+fp/hard\libcr_c.a(remove.o)
 .debug_abbrev  0x00004f75      0x12c C:/NXP/MCUXpressoIDE_11.10.0_3148/ide/plugins/com.nxp.mcuxpresso.tools.win32_11.10.0.202311280810/tools/bin/../lib/gcc/arm-none-eabi/13.2.1/../../../../arm-none-eabi/lib/thumb/v8-m.main+fp/hard\libcr_c.a(_do_fflush.o)
 .debug_abbrev  0x000050a1       0xb5 C:/NXP/MCUXpressoIDE_11.10.0_3148/ide/plugins/com.nxp.mcuxpresso.tools.win32_11.10.0.202311280810/tools/bin/../lib/gcc/arm-none-eabi/13.2.1/../../../../arm-none-eabi/lib/thumb/v8-m.main+fp/hard\libcr_nohost_nf.a(__ciob.o)
 .debug_abbrev  0x00005156       0x5c C:/NXP/MCUXpressoIDE_11.10.0_3148/ide/plugins/com.nxp.mcuxpresso.tools.win32_11.10.0.202311280810/tools/bin/../lib/gcc/arm-none-eabi/13.2.1/../../../../arm-none-eabi/lib/thumb/v8-m.main+fp/hard\libcr_nohost_nf.a(__sys_close.o)
 .debug_abbrev  0x000051b2       0x5c C:/NXP/MCUXpressoIDE_11.10.0_3148/ide/plugins/com.nxp.mcuxpresso.tools.win32_11.10.0.202311280810/tools/bin/../lib/gcc/arm-none-eabi/13.2.1/../../../../arm-none-eabi/lib/thumb/v8-m.main+fp/hard\libcr_nohost_nf.a(__sys_flen.o)
 .debug_abbrev  0x0000520e       0x5c C:/NXP/MCUXpressoIDE_11.10.0_3148/ide/plugins/com.nxp.mcuxpresso.tools.win32_11.10.0.202311280810/tools/bin/../lib/gcc/arm-none-eabi/13.2.1/../../../../arm-none-eabi/lib/thumb/v8-m.main+fp/hard\libcr_nohost_nf.a(__sys_istty.o)
 .debug_abbrev  0x0000526a       0x7d C:/NXP/MCUXpressoIDE_11.10.0_3148/ide/plugins/com.nxp.mcuxpresso.tools.win32_11.10.0.202311280810/tools/bin/../lib/gcc/arm-none-eabi/13.2.1/../../../../arm-none-eabi/lib/thumb/v8-m.main+fp/hard\libcr_nohost_nf.a(__sys_remove.o)
 .debug_abbrev  0x000052e7       0x6d C:/NXP/MCUXpressoIDE_11.10.0_3148/ide/plugins/com.nxp.mcuxpresso.tools.win32_11.10.0.202311280810/tools/bin/../lib/gcc/arm-none-eabi/13.2.1/../../../../arm-none-eabi/lib/thumb/v8-m.main+fp/hard\libcr_nohost_nf.a(__sys_seek.o)
 .debug_abbrev  0x00005354       0x76 C:/NXP/MCUXpressoIDE_11.10.0_3148/ide/plugins/com.nxp.mcuxpresso.tools.win32_11.10.0.202311280810/tools/bin/../lib/gcc/arm-none-eabi/13.2.1/../../../../arm-none-eabi/lib/thumb/v8-m.main+fp/hard\libcr_nohost_nf.a(__sys_tmpnam.o)
 .debug_abbrev  0x000053ca       0x76 C:/NXP/MCUXpressoIDE_11.10.0_3148/ide/plugins/com.nxp.mcuxpresso.tools.win32_11.10.0.202311280810/tools/bin/../lib/gcc/arm-none-eabi/13.2.1/../../../../arm-none-eabi/lib/thumb/v8-m.main+fp/hard\libcr_nohost_nf.a(__sys_write.o)

.debug_aranges  0x00000000     0x1698
 .debug_aranges
                0x00000000       0x28 ./utilities/fsl_assert.o
 .debug_aranges
                0x00000028       0x78 ./utilities/fsl_debug_console.o
 .debug_aranges
                0x000000a0       0x20 ./utilities/fsl_memcpy.o
 .debug_aranges
                0x000000c0       0x50 ./source/i2s_dma_tdm_record_playback.o
 .debug_aranges
                0x00000110       0x20 ./source/semihost_hardfault.o
 .debug_aranges
                0x00000130       0x18 ./flash_config/flash_config.o
 .debug_aranges
                0x00000148      0x198 ./drivers/fsl_clock.o
 .debug_aranges
                0x000002e0       0x38 ./drivers/fsl_common_arm.o
 .debug_aranges
                0x00000318      0x138 ./drivers/fsl_dma.o
 .debug_aranges
                0x00000450       0x98 ./drivers/fsl_flexcomm.o
 .debug_aranges
                0x000004e8       0xf8 ./drivers/fsl_flexspi.o
 .debug_aranges
                0x000005e0      0x1a0 ./drivers/fsl_i2c.o
 .debug_aranges
                0x00000780      0x100 ./drivers/fsl_i2s.o
 .debug_aranges
                0x00000880       0xe0 ./drivers/fsl_i2s_dma.o
 .debug_aranges
                0x00000960      0x198 ./drivers/fsl_power.o
 .debug_aranges
                0x00000af8       0x30 ./drivers/fsl_reset.o
 .debug_aranges
                0x00000b28      0x108 ./drivers/fsl_usart.o
 .debug_aranges
                0x00000c30       0x58 ./component/uart/fsl_adapter_usart.o
 .debug_aranges
                0x00000c88       0xb8 ./component/i2c/fsl_adapter_flexcomm_i2c.o
 .debug_aranges
                0x00000d40       0x68 ./codec/port/cs42448/fsl_codec_cs42448_adapter.o
 .debug_aranges
                0x00000da8       0xb8 ./codec/fsl_codec_common.o
 .debug_aranges
                0x00000e60       0x38 ./codec/fsl_codec_i2c.o
 .debug_aranges
                0x00000e98       0xa8 ./codec/fsl_cs42448.o
 .debug_aranges
                0x00000f40       0xe0 ./board/board.o
 .debug_aranges
                0x00001020       0x48 ./board/clock_config.o
 .debug_aranges
                0x00001068       0x40 ./board/pin_mux.o
 .debug_aranges
                0x000010a8      0x268 ./MIMXRT685S/mcuxpresso/startup_mimxrt685s.o
 .debug_aranges
                0x00001310       0x40 ./MIMXRT685S/system_MIMXRT685S_cm33.o
 .debug_aranges
                0x00001350       0x20 C:/NXP/MCUXpressoIDE_11.10.0_3148/ide/plugins/com.nxp.mcuxpresso.tools.win32_11.10.0.202311280810/tools/bin/../lib/gcc/arm-none-eabi/13.2.1/../../../../arm-none-eabi/lib/thumb/v8-m.main+fp/hard\libcr_nohost_nf.a(_cr__main.o)
 .debug_aranges
                0x00001370       0x20 C:/NXP/MCUXpressoIDE_11.10.0_3148/ide/plugins/com.nxp.mcuxpresso.tools.win32_11.10.0.202311280810/tools/bin/../lib/gcc/arm-none-eabi/13.2.1/../../../../arm-none-eabi/lib/thumb/v8-m.main+fp/hard\libcr_c.a(memset.o)
 .debug_aranges
                0x00001390       0x40 C:/NXP/MCUXpressoIDE_11.10.0_3148/ide/plugins/com.nxp.mcuxpresso.tools.win32_11.10.0.202311280810/tools/bin/../lib/gcc/arm-none-eabi/13.2.1/../../../../arm-none-eabi/lib/thumb/v8-m.main+fp/hard\libcr_c.a(alloc.o)
 .debug_aranges
                0x000013d0       0x18 C:/NXP/MCUXpressoIDE_11.10.0_3148/ide/plugins/com.nxp.mcuxpresso.tools.win32_11.10.0.202311280810/tools/bin/../lib/gcc/arm-none-eabi/13.2.1/../../../../arm-none-eabi/lib/thumb/v8-m.main+fp/hard\libcr_c.a(errno.o)
 .debug_aranges
                0x000013e8       0x28 C:/NXP/MCUXpressoIDE_11.10.0_3148/ide/plugins/com.nxp.mcuxpresso.tools.win32_11.10.0.202311280810/tools/bin/../lib/gcc/arm-none-eabi/13.2.1/../../../../arm-none-eabi/lib/thumb/v8-m.main+fp/hard\libcr_c.a(initio.o)
 .debug_aranges
                0x00001410       0x20 C:/NXP/MCUXpressoIDE_11.10.0_3148/ide/plugins/com.nxp.mcuxpresso.tools.win32_11.10.0.202311280810/tools/bin/../lib/gcc/arm-none-eabi/13.2.1/../../../../arm-none-eabi/lib/thumb/v8-m.main+fp/hard\libcr_c.a(setvbuf.o)
 .debug_aranges
                0x00001430       0x20 C:/NXP/MCUXpressoIDE_11.10.0_3148/ide/plugins/com.nxp.mcuxpresso.tools.win32_11.10.0.202311280810/tools/bin/../lib/gcc/arm-none-eabi/13.2.1/../../../../arm-none-eabi/lib/thumb/v8-m.main+fp/hard\libcr_c.a(strlen.o)
 .debug_aranges
                0x00001450       0x28 C:/NXP/MCUXpressoIDE_11.10.0_3148/ide/plugins/com.nxp.mcuxpresso.tools.win32_11.10.0.202311280810/tools/bin/../lib/gcc/arm-none-eabi/13.2.1/../../../../arm-none-eabi/lib/thumb/v8-m.main+fp/hard\libcr_c.a(_deferredlazyseek.o)
 .debug_aranges
                0x00001478       0x20 C:/NXP/MCUXpressoIDE_11.10.0_3148/ide/plugins/com.nxp.mcuxpresso.tools.win32_11.10.0.202311280810/tools/bin/../lib/gcc/arm-none-eabi/13.2.1/../../../../arm-none-eabi/lib/thumb/v8-m.main+fp/hard\libcr_c.a(_fdopen.o)
 .debug_aranges
                0x00001498       0x20 C:/NXP/MCUXpressoIDE_11.10.0_3148/ide/plugins/com.nxp.mcuxpresso.tools.win32_11.10.0.202311280810/tools/bin/../lib/gcc/arm-none-eabi/13.2.1/../../../../arm-none-eabi/lib/thumb/v8-m.main+fp/hard\libcr_c.a(_fflush.o)
 .debug_aranges
                0x000014b8       0x20 C:/NXP/MCUXpressoIDE_11.10.0_3148/ide/plugins/com.nxp.mcuxpresso.tools.win32_11.10.0.202311280810/tools/bin/../lib/gcc/arm-none-eabi/13.2.1/../../../../arm-none-eabi/lib/thumb/v8-m.main+fp/hard\libcr_c.a(_writebuf.o)
 .debug_aranges