../drivers/fsl_clock.h:885:20:CLOCK_EnableClock	24	static
../drivers/fsl_clock.h:974:24:CLOCK_GetSFroFreq	4	static
../drivers/fsl_clock.h:1055:24:CLOCK_GetXtalInClkFreq	4	static
../drivers/fsl_clock.h:1063:24:CLOCK_GetMclkInClkFreq	4	static
../drivers/fsl_clock.h:1071:24:CLOCK_GetLpOscFreq	4	static
../drivers/fsl_clock.h:1078:24:CLOCK_GetOsc32KFreq	4	static
../drivers/fsl_clock.h:1100:24:CLOCK_GetWakeClk32KFreq	8	static
../drivers/fsl_clock.c:53:6:CLOCK_AttachClk	32	static
../drivers/fsl_clock.c:90:6:CLOCK_SetClkDiv	24	static
../drivers/fsl_clock.c:121:10:CLOCK_GetFFroFreq	16	static
../drivers/fsl_clock.c:143:10:CLOCK_GetSysPllFreq	56	static
../drivers/fsl_clock.c:178:10:CLOCK_GetSysPfdFreq	184	static
../drivers/fsl_clock.c:218:17:CLOCK_GetMainPllClkFreq	8	static
../drivers/fsl_clock.c:222:17:CLOCK_GetDspPllClkFreq	8	static
../drivers/fsl_clock.c:226:17:CLOCK_GetAux0PllClkFreq	8	static
../drivers/fsl_clock.c:230:17:CLOCK_GetAux1PllClkFreq	8	static
../drivers/fsl_clock.c:238:10:CLOCK_GetAudioPllFreq	56	static
../drivers/fsl_clock.c:273:10:CLOCK_GetAudioPfdFreq	184	static
../drivers/fsl_clock.c:313:17:CLOCK_GetAudioPllClkFreq	8	static
../drivers/fsl_clock.c:321:10:CLOCK_GetMainClkFreq	16	static
../drivers/fsl_clock.c:371:10:CLOCK_GetDspMainClkFreq	16	static
../drivers/fsl_clock.c:421:10:CLOCK_GetAdcClkFreq	16	static
../drivers/fsl_clock.c:471:10:CLOCK_GetClockOutClkFreq	16	static
../drivers/fsl_clock.c:539:10:CLOCK_GetFRGClock	80	static
../drivers/fsl_clock.c:601:10:CLOCK_GetFlexCommClkFreq	24	static
../drivers/fsl_clock.c:657:10:CLOCK_GetCtimerClkFreq	24	static
../drivers/fsl_clock.c:698:10:CLOCK_GetFlexspiClkFreq	16	static
../drivers/fsl_clock.c:736:10:CLOCK_GetSctClkFreq	16	static
../drivers/fsl_clock.c:777:10:CLOCK_GetMclkClkFreq	16	static
../drivers/fsl_clock.c:801:10:CLOCK_GetWdtClkFreq	24	static
../drivers/fsl_clock.c:836:10:CLOCK_GetSystickClkFreq	16	static
../drivers/fsl_clock.c:870:10:CLOCK_GetSdioClkFreq	32	static
../drivers/fsl_clock.c:922:10:CLOCK_GetI3cClkFreq	16	static
../drivers/fsl_clock.c:947:10:CLOCK_GetUsbClkFreq	16	static
../drivers/fsl_clock.c:970:10:CLOCK_GetDmicClkFreq	16	static
../drivers/fsl_clock.c:1011:10:CLOCK_GetAcmpClkFreq	16	static
../drivers/fsl_clock.c:1049:10:CLOCK_GetFreq	24	static
../drivers/fsl_clock.c:1146:6:CLOCK_SetFRGClock	24	static
../drivers/fsl_clock.c:1182:6:CLOCK_EnableFfroClk	32	static
../drivers/fsl_clock.c:1227:6:CLOCK_EnableSfroClk	16	static
../drivers/fsl_clock.c:1247:6:CLOCK_InitSysPll	16	static
../drivers/fsl_clock.c:1310:6:CLOCK_InitSysPfd	24	static
../drivers/fsl_clock.c:1335:6:CLOCK_InitAudioPll	16	static
../drivers/fsl_clock.c:1399:6:CLOCK_InitAudioPfd	24	static
../drivers/fsl_clock.c:1425:6:CLOCK_EnableSysOscClk	24	static
../drivers/fsl_clock.c:1444:6:CLOCK_EnableUsbhsDeviceClock	8	static
../drivers/fsl_clock.c:1456:6:CLOCK_EnableUsbhsHostClock	8	static
../drivers/fsl_clock.c:1471:6:CLOCK_EnableUsbHs0PhyPllClock	32	static
