C:\Users\i5 3470\Documents\MCUXpressoIDE_11.10.0_3148\Projekt_inzynierski\i2s_dma_tdm_record_playback\CMSIS/core_cm33.h:2390:22:__NVIC_EnableIRQ	16	static
C:\Users\i5 3470\Documents\MCUXpressoIDE_11.10.0_3148\Projekt_inzynierski\i2s_dma_tdm_record_playback\CMSIS/core_cm33.h:2409:26:__NVIC_GetEnableIRQ	16	static
C:\Users\i5 3470\Documents\MCUXpressoIDE_11.10.0_3148\Projekt_inzynierski\i2s_dma_tdm_record_playback\CMSIS/core_cm33.h:2428:22:__NVIC_DisableIRQ	16	static
C:\Users\i5 3470\Documents\MCUXpressoIDE_11.10.0_3148\Projekt_inzynierski\i2s_dma_tdm_record_playback\CMSIS/core_cm33.h:2481:22:__NVIC_ClearPendingIRQ	16	static
../drivers/fsl_common_arm.h:570:24:EnableIRQ	24	static
../drivers/fsl_common_arm.h:614:24:DisableIRQ	24	static
../drivers/fsl_common_arm.h:788:24:DisableGlobalIRQ	16	static
../drivers/fsl_common_arm.h:814:20:EnableGlobalIRQ	24	static
../drivers/fsl_power.h:361:20:POWER_EnableDeepSleep	4	static
../drivers/fsl_power.h:444:32:POWER_GetBodyBiasMode	24	static
../drivers/fsl_power.c:343:6:POWER_EnterRbb	32	static
../drivers/fsl_power.c:390:6:POWER_EnterFbb	32	static
../drivers/fsl_power.c:437:6:POWER_EnterNbb	32	static
../drivers/fsl_power.c:838:6:POWER_EnterDeepSleep	88	static
../drivers/fsl_power.c:174:6:POWER_PmicPowerModeSelectControl	16	static
../drivers/fsl_power.c:185:1:POWER_SetBiasConfig	4	static
../drivers/fsl_power.c:198:17:POWER_CalcVoltLevel	32	static
../drivers/fsl_power.c:225:6:POWER_DisableLVD	4	static
../drivers/fsl_power.c:234:6:POWER_RestoreLVD	4	static
../drivers/fsl_power.c:244:6:POWER_UpdateOscSettlingTime	16	static
../drivers/fsl_power.c:253:6:POWER_UpdatePmicRecoveryTime	16	static
../drivers/fsl_power.c:261:6:POWER_ApplyPD	4	static
../drivers/fsl_power.c:278:6:POWER_ClearEventFlags	16	static
../drivers/fsl_power.c:287:10:POWER_GetEventFlags	4	static
../drivers/fsl_power.c:296:6:POWER_EnableInterrupts	16	static
../drivers/fsl_power.c:305:6:POWER_DisableInterrupts	16	static
../drivers/fsl_power.c:314:6:POWER_SetAnalogBuffer	16	static
../drivers/fsl_power.c:333:6:POWER_SetPadVolRange	16	static
../drivers/fsl_power.c:483:6:POWER_SetLdoVoltageForFreq	32	static
../drivers/fsl_power.c:498:6:POWER_SetVddCoreSupplySrc	16	static
../drivers/fsl_power.c:503:6:POWER_SetPmicCoreSupplyFunc	16	static
../drivers/fsl_power.c:508:6:POWER_SetVoltageForFreq	56	static
../drivers/fsl_power.c:600:6:POWER_SetLvdFallingTripVoltage	16	static
../drivers/fsl_power.c:606:34:POWER_GetLvdFallingTripVoltage	4	static
../drivers/fsl_power.c:612:1:delay	24	static
../drivers/fsl_power.c:621:1:deinitXip	4	static
../drivers/fsl_power.c:637:1:initFlexSPI	32	static
../drivers/fsl_power.c:698:1:initXip	8	static
../drivers/fsl_power.c:709:1:countPartitionSwitches	16	static
../drivers/fsl_power.c:731:1:POWER_CalculateSafetyCount	32	static
../drivers/fsl_power.c:823:6:POWER_EnterSleep	24	static
../drivers/fsl_power.c:1038:6:POWER_EnterDeepPowerDown	24	static
../drivers/fsl_power.c:1082:6:POWER_EnterFullDeepPowerDown	24	static
../drivers/fsl_power.c:1122:6:POWER_EnterPowerMode	16	static
../drivers/fsl_power.c:1148:6:POWER_SetPmicMode	16	static
../drivers/fsl_power.c:1159:6:EnableDeepSleepIRQ	24	static
../drivers/fsl_power.c:1177:6:DisableDeepSleepIRQ	24	static
../drivers/fsl_power.c:1197:10:POWER_GetLibVersion	4	static
