C:\Users\i5 3470\Documents\MCUXpressoIDE_11.10.0_3148\Projekt_inzynierski\i2s_dma_tdm_record_playback\drivers/fsl_clock.h:885:20:CLOCK_EnableClock	24	static
C:\Users\i5 3470\Documents\MCUXpressoIDE_11.10.0_3148\Projekt_inzynierski\i2s_dma_tdm_record_playback\drivers/fsl_dma.h:405:20:DMA_EnableChannel	16	static
C:\Users\i5 3470\Documents\MCUXpressoIDE_11.10.0_3148\Projekt_inzynierski\i2s_dma_tdm_record_playback\drivers/fsl_dma.h:515:20:DMA_SetChannelPriority	24	static
../source/i2s_dma_tdm_record_playback.c:71:13:i2s_rx_Callback	24	static
../source/i2s_dma_tdm_record_playback.c:76:13:i2s_tx_Callback	24	static
../source/i2s_dma_tdm_record_playback.c:84:5:main	24	static
../source/i2s_dma_tdm_record_playback.c:206:13:DEMO_InitCodec	8	static
