../MIMXRT685S/mcuxpresso/startup_mimxrt685s.c:346:6:data_init	4	static
../MIMXRT685S/mcuxpresso/startup_mimxrt685s.c:355:6:bss_init	0	static
../MIMXRT685S/mcuxpresso/startup_mimxrt685s.c:380:6:ResetISR	0	static
../MIMXRT685S/mcuxpresso/startup_mimxrt685s.c:453:14:NMI_Handler	0	static
../MIMXRT685S/mcuxpresso/startup_mimxrt685s.c:457:14:HardFault_Handler	0	static
../MIMXRT685S/mcuxpresso/startup_mimxrt685s.c:461:14:MemManage_Handler	0	static
../MIMXRT685S/mcuxpresso/startup_mimxrt685s.c:465:14:BusFault_Handler	0	static
../MIMXRT685S/mcuxpresso/startup_mimxrt685s.c:469:14:UsageFault_Handler	0	static
../MIMXRT685S/mcuxpresso/startup_mimxrt685s.c:473:14:SecureFault_Handler	0	static
../MIMXRT685S/mcuxpresso/startup_mimxrt685s.c:477:14:SVC_Handler	0	static
../MIMXRT685S/mcuxpresso/startup_mimxrt685s.c:481:14:DebugMon_Handler	0	static
../MIMXRT685S/mcuxpresso/startup_mimxrt685s.c:485:14:PendSV_Handler	0	static
../MIMXRT685S/mcuxpresso/startup_mimxrt685s.c:489:14:SysTick_Handler	0	static
../MIMXRT685S/mcuxpresso/startup_mimxrt685s.c:497:14:IntDefaultHandler	0	static
../MIMXRT685S/mcuxpresso/startup_mimxrt685s.c:507:11:WDT0_IRQHandler	8	static
../MIMXRT685S/mcuxpresso/startup_mimxrt685s.c:511:11:DMA0_IRQHandler	8	static
../MIMXRT685S/mcuxpresso/startup_mimxrt685s.c:515:11:GPIO_INTA_IRQHandler	8	static
../MIMXRT685S/mcuxpresso/startup_mimxrt685s.c:519:11:GPIO_INTB_IRQHandler	8	static
../MIMXRT685S/mcuxpresso/startup_mimxrt685s.c:523:11:PIN_INT0_IRQHandler	8	static
../MIMXRT685S/mcuxpresso/startup_mimxrt685s.c:527:11:PIN_INT1_IRQHandler	8	static
../MIMXRT685S/mcuxpresso/startup_mimxrt685s.c:531:11:PIN_INT2_IRQHandler	8	static
../MIMXRT685S/mcuxpresso/startup_mimxrt685s.c:535:11:PIN_INT3_IRQHandler	8	static
../MIMXRT685S/mcuxpresso/startup_mimxrt685s.c:539:11:UTICK0_IRQHandler	8	static
../MIMXRT685S/mcuxpresso/startup_mimxrt685s.c:543:11:MRT0_IRQHandler	8	static
../MIMXRT685S/mcuxpresso/startup_mimxrt685s.c:547:11:CTIMER0_IRQHandler	8	static
../MIMXRT685S/mcuxpresso/startup_mimxrt685s.c:551:11:CTIMER1_IRQHandler	8	static
../MIMXRT685S/mcuxpresso/startup_mimxrt685s.c:555:11:SCT0_IRQHandler	8	static
../MIMXRT685S/mcuxpresso/startup_mimxrt685s.c:559:11:CTIMER3_IRQHandler	8	static
../MIMXRT685S/mcuxpresso/startup_mimxrt685s.c:563:11:FLEXCOMM0_IRQHandler	8	static
../MIMXRT685S/mcuxpresso/startup_mimxrt685s.c:567:11:FLEXCOMM1_IRQHandler	8	static
../MIMXRT685S/mcuxpresso/startup_mimxrt685s.c:571:11:FLEXCOMM2_IRQHandler	8	static
../MIMXRT685S/mcuxpresso/startup_mimxrt685s.c:575:11:FLEXCOMM3_IRQHandler	8	static
../MIMXRT685S/mcuxpresso/startup_mimxrt685s.c:579:11:FLEXCOMM4_IRQHandler	8	static
../MIMXRT685S/mcuxpresso/startup_mimxrt685s.c:583:11:FLEXCOMM5_IRQHandler	8	static
../MIMXRT685S/mcuxpresso/startup_mimxrt685s.c:587:11:FLEXCOMM14_IRQHandler	8	static
../MIMXRT685S/mcuxpresso/startup_mimxrt685s.c:591:11:FLEXCOMM15_IRQHandler	8	static
../MIMXRT685S/mcuxpresso/startup_mimxrt685s.c:595:11:ADC0_IRQHandler	8	static
../MIMXRT685S/mcuxpresso/startup_mimxrt685s.c:599:11:Reserved39_IRQHandler	8	static
../MIMXRT685S/mcuxpresso/startup_mimxrt685s.c:603:11:ACMP_IRQHandler	8	static
../MIMXRT685S/mcuxpresso/startup_mimxrt685s.c:607:11:DMIC0_IRQHandler	8	static
../MIMXRT685S/mcuxpresso/startup_mimxrt685s.c:611:11:Reserved42_IRQHandler	8	static
../MIMXRT685S/mcuxpresso/startup_mimxrt685s.c:615:11:HYPERVISOR_IRQHandler	8	static
../MIMXRT685S/mcuxpresso/startup_mimxrt685s.c:619:11:SECUREVIOLATION_IRQHandler	8	static
../MIMXRT685S/mcuxpresso/startup_mimxrt685s.c:623:11:HWVAD0_IRQHandler	8	static
../MIMXRT685S/mcuxpresso/startup_mimxrt685s.c:627:11:Reserved46_IRQHandler	8	static
../MIMXRT685S/mcuxpresso/startup_mimxrt685s.c:631:11:RNG_IRQHandler	8	static
../MIMXRT685S/mcuxpresso/startup_mimxrt685s.c:635:11:RTC_IRQHandler	8	static
../MIMXRT685S/mcuxpresso/startup_mimxrt685s.c:639:11:DSPWAKE_IRQHandler	8	static
../MIMXRT685S/mcuxpresso/startup_mimxrt685s.c:643:11:MU_A_IRQHandler	8	static
../MIMXRT685S/mcuxpresso/startup_mimxrt685s.c:647:11:PIN_INT4_IRQHandler	8	static
../MIMXRT685S/mcuxpresso/startup_mimxrt685s.c:651:11:PIN_INT5_IRQHandler	8	static
../MIMXRT685S/mcuxpresso/startup_mimxrt685s.c:655:11:PIN_INT6_IRQHandler	8	static
../MIMXRT685S/mcuxpresso/startup_mimxrt685s.c:659:11:PIN_INT7_IRQHandler	8	static
../MIMXRT685S/mcuxpresso/startup_mimxrt685s.c:663:11:CTIMER2_IRQHandler	8	static
../MIMXRT685S/mcuxpresso/startup_mimxrt685s.c:667:11:CTIMER4_IRQHandler	8	static
../MIMXRT685S/mcuxpresso/startup_mimxrt685s.c:671:11:OS_EVENT_IRQHandler	8	static
../MIMXRT685S/mcuxpresso/startup_mimxrt685s.c:675:11:FLEXSPI_IRQHandler	8	static
../MIMXRT685S/mcuxpresso/startup_mimxrt685s.c:679:11:FLEXCOMM6_IRQHandler	8	static
../MIMXRT685S/mcuxpresso/startup_mimxrt685s.c:683:11:FLEXCOMM7_IRQHandler	8	static
../MIMXRT685S/mcuxpresso/startup_mimxrt685s.c:687:11:USDHC0_IRQHandler	8	static
../MIMXRT685S/mcuxpresso/startup_mimxrt685s.c:691:11:USDHC1_IRQHandler	8	static
../MIMXRT685S/mcuxpresso/startup_mimxrt685s.c:695:11:SGPIO_INTA_IRQHandler	8	static
../MIMXRT685S/mcuxpresso/startup_mimxrt685s.c:699:11:SGPIO_INTB_IRQHandler	8	static
../MIMXRT685S/mcuxpresso/startup_mimxrt685s.c:703:11:I3C0_IRQHandler	8	static
../MIMXRT685S/mcuxpresso/startup_mimxrt685s.c:707:11:USB_IRQHandler	8	static
../MIMXRT685S/mcuxpresso/startup_mimxrt685s.c:711:11:USB_WAKEUP_IRQHandler	8	static
../MIMXRT685S/mcuxpresso/startup_mimxrt685s.c:715:11:WDT1_IRQHandler	8	static
../MIMXRT685S/mcuxpresso/startup_mimxrt685s.c:719:11:USBPHY_DCD_IRQHandler	8	static
../MIMXRT685S/mcuxpresso/startup_mimxrt685s.c:723:11:DMA1_IRQHandler	8	static
../MIMXRT685S/mcuxpresso/startup_mimxrt685s.c:727:11:PUF_IRQHandler	8	static
../MIMXRT685S/mcuxpresso/startup_mimxrt685s.c:731:11:POWERQUAD_IRQHandler	8	static
../MIMXRT685S/mcuxpresso/startup_mimxrt685s.c:735:11:CASPER_IRQHandler	8	static
../MIMXRT685S/mcuxpresso/startup_mimxrt685s.c:739:11:PMC_PMIC_IRQHandler	8	static
../MIMXRT685S/mcuxpresso/startup_mimxrt685s.c:743:11:HASHCRYPT_IRQHandler	8	static
